Archive member included to satisfy reference by file (symbol)

c:/st/stm32cubeide_1.0.2/stm32cubeide/plugins/com.st.stm32cube.ide.mcu.externaltools.gnu-tools-for-stm32.9-2020-q2-update.win32_2.0.0.202105311346/tools/bin/../lib/gcc/arm-none-eabi/9.3.1/../../../../arm-none-eabi/lib/thumb/v7e-m+fp/hard\libc_nano.a(lib_a-errno.o)
                              ./Core/Src/syscalls.o (__errno)
c:/st/stm32cubeide_1.0.2/stm32cubeide/plugins/com.st.stm32cube.ide.mcu.externaltools.gnu-tools-for-stm32.9-2020-q2-update.win32_2.0.0.202105311346/tools/bin/../lib/gcc/arm-none-eabi/9.3.1/../../../../arm-none-eabi/lib/thumb/v7e-m+fp/hard\libc_nano.a(lib_a-exit.o)
                              c:/st/stm32cubeide_1.0.2/stm32cubeide/plugins/com.st.stm32cube.ide.mcu.externaltools.gnu-tools-for-stm32.9-2020-q2-update.win32_2.0.0.202105311346/tools/bin/../lib/gcc/arm-none-eabi/9.3.1/../../../../arm-none-eabi/lib/thumb/v7e-m+fp/hard/crt0.o (exit)
c:/st/stm32cubeide_1.0.2/stm32cubeide/plugins/com.st.stm32cube.ide.mcu.externaltools.gnu-tools-for-stm32.9-2020-q2-update.win32_2.0.0.202105311346/tools/bin/../lib/gcc/arm-none-eabi/9.3.1/../../../../arm-none-eabi/lib/thumb/v7e-m+fp/hard\libc_nano.a(lib_a-impure.o)
                              c:/st/stm32cubeide_1.0.2/stm32cubeide/plugins/com.st.stm32cube.ide.mcu.externaltools.gnu-tools-for-stm32.9-2020-q2-update.win32_2.0.0.202105311346/tools/bin/../lib/gcc/arm-none-eabi/9.3.1/../../../../arm-none-eabi/lib/thumb/v7e-m+fp/hard\libc_nano.a(lib_a-exit.o) (_global_impure_ptr)
c:/st/stm32cubeide_1.0.2/stm32cubeide/plugins/com.st.stm32cube.ide.mcu.externaltools.gnu-tools-for-stm32.9-2020-q2-update.win32_2.0.0.202105311346/tools/bin/../lib/gcc/arm-none-eabi/9.3.1/../../../../arm-none-eabi/lib/thumb/v7e-m+fp/hard\libc_nano.a(lib_a-init.o)
                              c:/st/stm32cubeide_1.0.2/stm32cubeide/plugins/com.st.stm32cube.ide.mcu.externaltools.gnu-tools-for-stm32.9-2020-q2-update.win32_2.0.0.202105311346/tools/bin/../lib/gcc/arm-none-eabi/9.3.1/../../../../arm-none-eabi/lib/thumb/v7e-m+fp/hard/crt0.o (__libc_init_array)
c:/st/stm32cubeide_1.0.2/stm32cubeide/plugins/com.st.stm32cube.ide.mcu.externaltools.gnu-tools-for-stm32.9-2020-q2-update.win32_2.0.0.202105311346/tools/bin/../lib/gcc/arm-none-eabi/9.3.1/../../../../arm-none-eabi/lib/thumb/v7e-m+fp/hard\libc_nano.a(lib_a-memset.o)
                              c:/st/stm32cubeide_1.0.2/stm32cubeide/plugins/com.st.stm32cube.ide.mcu.externaltools.gnu-tools-for-stm32.9-2020-q2-update.win32_2.0.0.202105311346/tools/bin/../lib/gcc/arm-none-eabi/9.3.1/../../../../arm-none-eabi/lib/thumb/v7e-m+fp/hard/crt0.o (memset)
c:/st/stm32cubeide_1.0.2/stm32cubeide/plugins/com.st.stm32cube.ide.mcu.externaltools.gnu-tools-for-stm32.9-2020-q2-update.win32_2.0.0.202105311346/tools/bin/../lib/gcc/arm-none-eabi/9.3.1/thumb/v7e-m+fp/hard\libgcc.a(_aeabi_uldivmod.o)
                              ./Drivers/STM32F4xx_HAL_Driver/Src/stm32f4xx_hal_rcc.o (__aeabi_uldivmod)
c:/st/stm32cubeide_1.0.2/stm32cubeide/plugins/com.st.stm32cube.ide.mcu.externaltools.gnu-tools-for-stm32.9-2020-q2-update.win32_2.0.0.202105311346/tools/bin/../lib/gcc/arm-none-eabi/9.3.1/thumb/v7e-m+fp/hard\libgcc.a(_udivmoddi4.o)
                              c:/st/stm32cubeide_1.0.2/stm32cubeide/plugins/com.st.stm32cube.ide.mcu.externaltools.gnu-tools-for-stm32.9-2020-q2-update.win32_2.0.0.202105311346/tools/bin/../lib/gcc/arm-none-eabi/9.3.1/thumb/v7e-m+fp/hard\libgcc.a(_aeabi_uldivmod.o) (__udivmoddi4)
c:/st/stm32cubeide_1.0.2/stm32cubeide/plugins/com.st.stm32cube.ide.mcu.externaltools.gnu-tools-for-stm32.9-2020-q2-update.win32_2.0.0.202105311346/tools/bin/../lib/gcc/arm-none-eabi/9.3.1/thumb/v7e-m+fp/hard\libgcc.a(_dvmd_tls.o)
                              c:/st/stm32cubeide_1.0.2/stm32cubeide/plugins/com.st.stm32cube.ide.mcu.externaltools.gnu-tools-for-stm32.9-2020-q2-update.win32_2.0.0.202105311346/tools/bin/../lib/gcc/arm-none-eabi/9.3.1/thumb/v7e-m+fp/hard\libgcc.a(_aeabi_uldivmod.o) (__aeabi_ldiv0)

Allocating common symbols
Common symbol       size              file

hUsbDeviceFS        0x2d0             ./USB_DEVICE/App/usb_device.o
hi2c1               0x54              ./Core/Src/main.o
hpcd_USB_OTG_FS     0x408             ./USB_DEVICE/Target/usbd_conf.o
report_data         0x12              ./Core/Src/main.o
uwTick              0x4               ./Drivers/STM32F4xx_HAL_Driver/Src/stm32f4xx_hal.o
pFlash              0x20              ./Drivers/STM32F4xx_HAL_Driver/Src/stm32f4xx_hal_flash.o
hspi1               0x58              ./Core/Src/main.o
USBD_StrDesc        0x200             ./USB_DEVICE/App/usbd_desc.o
hi2s3               0x48              ./Core/Src/main.o

Discarded input sections

 .text          0x0000000000000000        0x0 c:/st/stm32cubeide_1.0.2/stm32cubeide/plugins/com.st.stm32cube.ide.mcu.externaltools.gnu-tools-for-stm32.9-2020-q2-update.win32_2.0.0.202105311346/tools/bin/../lib/gcc/arm-none-eabi/9.3.1/thumb/v7e-m+fp/hard/crti.o
[...]
Memory Configuration

Name             Origin             Length             Attributes
CCMRAM           0x0000000010000000 0x0000000000010000 xrw
RAM              0x0000000020000000 0x0000000000020000 xrw
FLASH            0x0000000008000000 0x0000000000100000 xr
*default*        0x0000000000000000 0xffffffffffffffff

Linker script and memory map

LOAD c:/st/stm32cubeide_1.0.2/stm32cubeide/plugins/com.st.stm32cube.ide.mcu.externaltools.gnu-tools-for-stm32.9-2020-q2-update.win32_2.0.0.202105311346/tools/bin/../lib/gcc/arm-none-eabi/9.3.1/thumb/v7e-m+fp/hard/crti.o
LOAD c:/st/stm32cubeide_1.0.2/stm32cubeide/plugins/com.st.stm32cube.ide.mcu.externaltools.gnu-tools-for-stm32.9-2020-q2-update.win32_2.0.0.202105311346/tools/bin/../lib/gcc/arm-none-eabi/9.3.1/thumb/v7e-m+fp/hard/crtbegin.o
LOAD c:/st/stm32cubeide_1.0.2/stm32cubeide/plugins/com.st.stm32cube.ide.mcu.externaltools.gnu-tools-for-stm32.9-2020-q2-update.win32_2.0.0.202105311346/tools/bin/../lib/gcc/arm-none-eabi/9.3.1/../../../../arm-none-eabi/lib/thumb/v7e-m+fp/hard/crt0.o
LOAD ./Core/Src/main.o
LOAD ./Core/Src/stm32f4xx_hal_msp.o
LOAD ./Core/Src/stm32f4xx_it.o
LOAD ./Core/Src/syscalls.o
LOAD ./Core/Src/sysmem.o
LOAD ./Core/Src/system_stm32f4xx.o
LOAD ./Core/Startup/startup_stm32f407vgtx.o
LOAD ./Drivers/STM32F4xx_HAL_Driver/Src/stm32f4xx_hal.o
LOAD ./Drivers/STM32F4xx_HAL_Driver/Src/stm32f4xx_hal_cortex.o
LOAD ./Drivers/STM32F4xx_HAL_Driver/Src/stm32f4xx_hal_dma.o
LOAD ./Drivers/STM32F4xx_HAL_Driver/Src/stm32f4xx_hal_dma_ex.o
LOAD ./Drivers/STM32F4xx_HAL_Driver/Src/stm32f4xx_hal_exti.o
LOAD ./Drivers/STM32F4xx_HAL_Driver/Src/stm32f4xx_hal_flash.o
LOAD ./Drivers/STM32F4xx_HAL_Driver/Src/stm32f4xx_hal_flash_ex.o
LOAD ./Drivers/STM32F4xx_HAL_Driver/Src/stm32f4xx_hal_flash_ramfunc.o
LOAD ./Drivers/STM32F4xx_HAL_Driver/Src/stm32f4xx_hal_gpio.o
LOAD ./Drivers/STM32F4xx_HAL_Driver/Src/stm32f4xx_hal_i2c.o
LOAD ./Drivers/STM32F4xx_HAL_Driver/Src/stm32f4xx_hal_i2c_ex.o
LOAD ./Drivers/STM32F4xx_HAL_Driver/Src/stm32f4xx_hal_i2s.o
LOAD ./Drivers/STM32F4xx_HAL_Driver/Src/stm32f4xx_hal_i2s_ex.o
LOAD ./Drivers/STM32F4xx_HAL_Driver/Src/stm32f4xx_hal_pcd.o
LOAD ./Drivers/STM32F4xx_HAL_Driver/Src/stm32f4xx_hal_pcd_ex.o
LOAD ./Drivers/STM32F4xx_HAL_Driver/Src/stm32f4xx_hal_pwr.o
LOAD ./Drivers/STM32F4xx_HAL_Driver/Src/stm32f4xx_hal_pwr_ex.o
LOAD ./Drivers/STM32F4xx_HAL_Driver/Src/stm32f4xx_hal_rcc.o
LOAD ./Drivers/STM32F4xx_HAL_Driver/Src/stm32f4xx_hal_rcc_ex.o
LOAD ./Drivers/STM32F4xx_HAL_Driver/Src/stm32f4xx_hal_spi.o
LOAD ./Drivers/STM32F4xx_HAL_Driver/Src/stm32f4xx_hal_tim.o
LOAD ./Drivers/STM32F4xx_HAL_Driver/Src/stm32f4xx_hal_tim_ex.o
LOAD ./Drivers/STM32F4xx_HAL_Driver/Src/stm32f4xx_ll_usb.o
LOAD ./Middlewares/ST/STM32_USB_Device_Library/Class/HID/Src/usbd_hid.o
LOAD ./Middlewares/ST/STM32_USB_Device_Library/Core/Src/usbd_core.o
LOAD ./Middlewares/ST/STM32_USB_Device_Library/Core/Src/usbd_ctlreq.o
LOAD ./Middlewares/ST/STM32_USB_Device_Library/Core/Src/usbd_ioreq.o
LOAD ./USB_DEVICE/App/usb_device.o
LOAD ./USB_DEVICE/App/usbd_desc.o
LOAD ./USB_DEVICE/Target/usbd_conf.o
START GROUP
LOAD c:/st/stm32cubeide_1.0.2/stm32cubeide/plugins/com.st.stm32cube.ide.mcu.externaltools.gnu-tools-for-stm32.9-2020-q2-update.win32_2.0.0.202105311346/tools/bin/../lib/gcc/arm-none-eabi/9.3.1/../../../../arm-none-eabi/lib/thumb/v7e-m+fp/hard\libc_nano.a
LOAD c:/st/stm32cubeide_1.0.2/stm32cubeide/plugins/com.st.stm32cube.ide.mcu.externaltools.gnu-tools-for-stm32.9-2020-q2-update.win32_2.0.0.202105311346/tools/bin/../lib/gcc/arm-none-eabi/9.3.1/../../../../arm-none-eabi/lib/thumb/v7e-m+fp/hard\libm.a
END GROUP
START GROUP
LOAD c:/st/stm32cubeide_1.0.2/stm32cubeide/plugins/com.st.stm32cube.ide.mcu.externaltools.gnu-tools-for-stm32.9-2020-q2-update.win32_2.0.0.202105311346/tools/bin/../lib/gcc/arm-none-eabi/9.3.1/thumb/v7e-m+fp/hard\libgcc.a
LOAD c:/st/stm32cubeide_1.0.2/stm32cubeide/plugins/com.st.stm32cube.ide.mcu.externaltools.gnu-tools-for-stm32.9-2020-q2-update.win32_2.0.0.202105311346/tools/bin/../lib/gcc/arm-none-eabi/9.3.1/../../../../arm-none-eabi/lib/thumb/v7e-m+fp/hard\libc_nano.a
END GROUP
START GROUP
LOAD c:/st/stm32cubeide_1.0.2/stm32cubeide/plugins/com.st.stm32cube.ide.mcu.externaltools.gnu-tools-for-stm32.9-2020-q2-update.win32_2.0.0.202105311346/tools/bin/../lib/gcc/arm-none-eabi/9.3.1/thumb/v7e-m+fp/hard\libgcc.a
LOAD c:/st/stm32cubeide_1.0.2/stm32cubeide/plugins/com.st.stm32cube.ide.mcu.externaltools.gnu-tools-for-stm32.9-2020-q2-update.win32_2.0.0.202105311346/tools/bin/../lib/gcc/arm-none-eabi/9.3.1/../../../../arm-none-eabi/lib/thumb/v7e-m+fp/hard\libc_nano.a
LOAD c:/st/stm32cubeide_1.0.2/stm32cubeide/plugins/com.st.stm32cube.ide.mcu.externaltools.gnu-tools-for-stm32.9-2020-q2-update.win32_2.0.0.202105311346/tools/bin/../lib/gcc/arm-none-eabi/9.3.1/../../../../arm-none-eabi/lib/thumb/v7e-m+fp/hard\libnosys.a
END GROUP
START GROUP
LOAD c:/st/stm32cubeide_1.0.2/stm32cubeide/plugins/com.st.stm32cube.ide.mcu.externaltools.gnu-tools-for-stm32.9-2020-q2-update.win32_2.0.0.202105311346/tools/bin/../lib/gcc/arm-none-eabi/9.3.1/thumb/v7e-m+fp/hard\libgcc.a
LOAD c:/st/stm32cubeide_1.0.2/stm32cubeide/plugins/com.st.stm32cube.ide.mcu.externaltools.gnu-tools-for-stm32.9-2020-q2-update.win32_2.0.0.202105311346/tools/bin/../lib/gcc/arm-none-eabi/9.3.1/../../../../arm-none-eabi/lib/thumb/v7e-m+fp/hard\libc_nano.a
LOAD c:/st/stm32cubeide_1.0.2/stm32cubeide/plugins/com.st.stm32cube.ide.mcu.externaltools.gnu-tools-for-stm32.9-2020-q2-update.win32_2.0.0.202105311346/tools/bin/../lib/gcc/arm-none-eabi/9.3.1/../../../../arm-none-eabi/lib/thumb/v7e-m+fp/hard\libnosys.a
END GROUP
LOAD c:/st/stm32cubeide_1.0.2/stm32cubeide/plugins/com.st.stm32cube.ide.mcu.externaltools.gnu-tools-for-stm32.9-2020-q2-update.win32_2.0.0.202105311346/tools/bin/../lib/gcc/arm-none-eabi/9.3.1/thumb/v7e-m+fp/hard/crtend.o
LOAD c:/st/stm32cubeide_1.0.2/stm32cubeide/plugins/com.st.stm32cube.ide.mcu.externaltools.gnu-tools-for-stm32.9-2020-q2-update.win32_2.0.0.202105311346/tools/bin/../lib/gcc/arm-none-eabi/9.3.1/thumb/v7e-m+fp/hard/crtn.o
                0x0000000020020000                _estack = (ORIGIN (RAM) + LENGTH (RAM))
                0x0000000000000200                _Min_Heap_Size = 0x200
                0x0000000000000400                _Min_Stack_Size = 0x400

.isr_vector     0x0000000008000000      0x188
                0x0000000008000000                . = ALIGN (0x4)
 *(.isr_vector)
 .isr_vector    0x0000000008000000      0x188 ./Core/Startup/startup_stm32f407vgtx.o
                0x0000000008000000                g_pfnVectors
                0x0000000008000188                . = ALIGN (0x4)

.text           0x0000000008000188     0x7514
                0x0000000008000188                . = ALIGN (0x4)
 *(.text)
 .text          0x0000000008000188       0x40 c:/st/stm32cubeide_1.0.2/stm32cubeide/plugins/com.st.stm32cube.ide.mcu.externaltools.gnu-tools-for-stm32.9-2020-q2-update.win32_2.0.0.202105311346/tools/bin/../lib/gcc/arm-none-eabi/9.3.1/thumb/v7e-m+fp/hard/crtbegin.o
 .text          0x00000000080001c8       0x30 c:/st/stm32cubeide_1.0.2/stm32cubeide/plugins/com.st.stm32cube.ide.mcu.externaltools.gnu-tools-for-stm32.9-2020-q2-update.win32_2.0.0.202105311346/tools/bin/../lib/gcc/arm-none-eabi/9.3.1/thumb/v7e-m+fp/hard\libgcc.a(_aeabi_uldivmod.o)
                0x00000000080001c8                __aeabi_uldivmod
 .text          0x00000000080001f8      0x2c4 c:/st/stm32cubeide_1.0.2/stm32cubeide/plugins/com.st.stm32cube.ide.mcu.externaltools.gnu-tools-for-stm32.9-2020-q2-update.win32_2.0.0.202105311346/tools/bin/../lib/gcc/arm-none-eabi/9.3.1/thumb/v7e-m+fp/hard\libgcc.a(_udivmoddi4.o)
                0x00000000080001f8                __udivmoddi4
 .text          0x00000000080004bc        0x4 c:/st/stm32cubeide_1.0.2/stm32cubeide/plugins/com.st.stm32cube.ide.mcu.externaltools.gnu-tools-for-stm32.9-2020-q2-update.win32_2.0.0.202105311346/tools/bin/../lib/gcc/arm-none-eabi/9.3.1/thumb/v7e-m+fp/hard\libgcc.a(_dvmd_tls.o)
                0x00000000080004bc                __aeabi_idiv0
                0x00000000080004bc                __aeabi_ldiv0
 *(.text*)
 .text.main     0x00000000080004c0       0x6c ./Core/Src/main.o
                0x00000000080004c0                main
 .text.SystemClock_Config
                0x000000000800052c       0xd4 ./Core/Src/main.o
                0x000000000800052c                SystemClock_Config
 .text.MX_I2C1_Init
                0x0000000008000600       0x5c ./Core/Src/main.o
 .text.MX_I2S3_Init
                0x000000000800065c       0x60 ./Core/Src/main.o
 .text.MX_SPI1_Init
                0x00000000080006bc       0x6c ./Core/Src/main.o
 .text.MX_GPIO_Init
                0x0000000008000728      0x248 ./Core/Src/main.o
 .text.poll_buttons
                0x0000000008000970      0x1a0 ./Core/Src/main.o
                0x0000000008000970                poll_buttons
 .text.Error_Handler
                0x0000000008000b10        0xa ./Core/Src/main.o
                0x0000000008000b10                Error_Handler
 *fill*         0x0000000008000b1a        0x2 
 .text.HAL_MspInit
                0x0000000008000b1c       0x50 ./Core/Src/stm32f4xx_hal_msp.o
                0x0000000008000b1c                HAL_MspInit
 .text.HAL_I2C_MspInit
                0x0000000008000b6c       0x90 ./Core/Src/stm32f4xx_hal_msp.o
                0x0000000008000b6c                HAL_I2C_MspInit
 .text.HAL_I2S_MspInit
                0x0000000008000bfc      0x100 ./Core/Src/stm32f4xx_hal_msp.o
                0x0000000008000bfc                HAL_I2S_MspInit
 .text.HAL_SPI_MspInit
                0x0000000008000cfc       0x90 ./Core/Src/stm32f4xx_hal_msp.o
                0x0000000008000cfc                HAL_SPI_MspInit
 .text.NMI_Handler
                0x0000000008000d8c        0x6 ./Core/Src/stm32f4xx_it.o
                0x0000000008000d8c                NMI_Handler
 .text.HardFault_Handler
                0x0000000008000d92        0x6 ./Core/Src/stm32f4xx_it.o
                0x0000000008000d92                HardFault_Handler
 .text.MemManage_Handler
                0x0000000008000d98        0x6 ./Core/Src/stm32f4xx_it.o
                0x0000000008000d98                MemManage_Handler
 .text.BusFault_Handler
                0x0000000008000d9e        0x6 ./Core/Src/stm32f4xx_it.o
                0x0000000008000d9e                BusFault_Handler
 .text.UsageFault_Handler
                0x0000000008000da4        0x6 ./Core/Src/stm32f4xx_it.o
                0x0000000008000da4                UsageFault_Handler
 .text.SVC_Handler
                0x0000000008000daa        0xe ./Core/Src/stm32f4xx_it.o
                0x0000000008000daa                SVC_Handler
 .text.DebugMon_Handler
                0x0000000008000db8        0xe ./Core/Src/stm32f4xx_it.o
                0x0000000008000db8                DebugMon_Handler
 .text.PendSV_Handler
                0x0000000008000dc6        0xe ./Core/Src/stm32f4xx_it.o
                0x0000000008000dc6                PendSV_Handler
 .text.SysTick_Handler
                0x0000000008000dd4        0xc ./Core/Src/stm32f4xx_it.o
                0x0000000008000dd4                SysTick_Handler
 .text.OTG_FS_IRQHandler
                0x0000000008000de0       0x14 ./Core/Src/stm32f4xx_it.o
                0x0000000008000de0                OTG_FS_IRQHandler
 .text.SystemInit
                0x0000000008000df4       0x24 ./Core/Src/system_stm32f4xx.o
                0x0000000008000df4                SystemInit
 .text.Reset_Handler
                0x0000000008000e18       0x50 ./Core/Startup/startup_stm32f407vgtx.o
                0x0000000008000e18                Reset_Handler
 .text.Default_Handler
                0x0000000008000e68        0x2 ./Core/Startup/startup_stm32f407vgtx.o
                0x0000000008000e68                RTC_Alarm_IRQHandler
                0x0000000008000e68                HASH_RNG_IRQHandler
                0x0000000008000e68                EXTI2_IRQHandler
                0x0000000008000e68                TIM8_CC_IRQHandler
                0x0000000008000e68                TIM1_CC_IRQHandler
                0x0000000008000e68                DMA2_Stream5_IRQHandler
                0x0000000008000e68                DMA1_Stream5_IRQHandler
                0x0000000008000e68                PVD_IRQHandler
                0x0000000008000e68                SDIO_IRQHandler
                0x0000000008000e68                TAMP_STAMP_IRQHandler
                0x0000000008000e68                CAN2_RX1_IRQHandler
                0x0000000008000e68                EXTI3_IRQHandler
                0x0000000008000e68                TIM8_TRG_COM_TIM14_IRQHandler
                0x0000000008000e68                TIM1_UP_TIM10_IRQHandler
                0x0000000008000e68                TIM8_UP_TIM13_IRQHandler
                0x0000000008000e68                I2C3_ER_IRQHandler
                0x0000000008000e68                EXTI0_IRQHandler
                0x0000000008000e68                I2C2_EV_IRQHandler
                0x0000000008000e68                DMA1_Stream2_IRQHandler
                0x0000000008000e68                CAN1_RX0_IRQHandler
                0x0000000008000e68                FPU_IRQHandler
                0x0000000008000e68                OTG_HS_WKUP_IRQHandler
                0x0000000008000e68                CAN2_SCE_IRQHandler
                0x0000000008000e68                DMA2_Stream2_IRQHandler
                0x0000000008000e68                SPI1_IRQHandler
                0x0000000008000e68                TIM6_DAC_IRQHandler
                0x0000000008000e68                TIM1_BRK_TIM9_IRQHandler
                0x0000000008000e68                DCMI_IRQHandler
                0x0000000008000e68                CAN2_RX0_IRQHandler
                0x0000000008000e68                DMA2_Stream3_IRQHandler
                0x0000000008000e68                USART6_IRQHandler
                0x0000000008000e68                USART3_IRQHandler
                0x0000000008000e68                CAN1_RX1_IRQHandler
                0x0000000008000e68                UART5_IRQHandler
                0x0000000008000e68                DMA2_Stream0_IRQHandler
                0x0000000008000e68                TIM4_IRQHandler
                0x0000000008000e68                I2C1_EV_IRQHandler
                0x0000000008000e68                DMA1_Stream6_IRQHandler
                0x0000000008000e68                DMA1_Stream1_IRQHandler
                0x0000000008000e68                UART4_IRQHandler
                0x0000000008000e68                TIM3_IRQHandler
                0x0000000008000e68                RCC_IRQHandler
                0x0000000008000e68                TIM8_BRK_TIM12_IRQHandler
                0x0000000008000e68                Default_Handler
                0x0000000008000e68                EXTI15_10_IRQHandler
                0x0000000008000e68                ADC_IRQHandler
                0x0000000008000e68                DMA1_Stream7_IRQHandler
                0x0000000008000e68                TIM7_IRQHandler
                0x0000000008000e68                CAN2_TX_IRQHandler
                0x0000000008000e68                TIM5_IRQHandler
                0x0000000008000e68                DMA2_Stream7_IRQHandler
                0x0000000008000e68                I2C3_EV_IRQHandler
                0x0000000008000e68                EXTI9_5_IRQHandler
                0x0000000008000e68                RTC_WKUP_IRQHandler
                0x0000000008000e68                ETH_WKUP_IRQHandler
                0x0000000008000e68                SPI2_IRQHandler
                0x0000000008000e68                OTG_HS_EP1_IN_IRQHandler
                0x0000000008000e68                DMA1_Stream0_IRQHandler
                0x0000000008000e68                CAN1_TX_IRQHandler
                0x0000000008000e68                EXTI4_IRQHandler
                0x0000000008000e68                FSMC_IRQHandler
                0x0000000008000e68                ETH_IRQHandler
                0x0000000008000e68                OTG_HS_EP1_OUT_IRQHandler
                0x0000000008000e68                WWDG_IRQHandler
                0x0000000008000e68                TIM2_IRQHandler
                0x0000000008000e68                OTG_FS_WKUP_IRQHandler
                0x0000000008000e68                TIM1_TRG_COM_TIM11_IRQHandler
                0x0000000008000e68                OTG_HS_IRQHandler
                0x0000000008000e68                EXTI1_IRQHandler
                0x0000000008000e68                USART2_IRQHandler
                0x0000000008000e68                I2C2_ER_IRQHandler
                0x0000000008000e68                DMA2_Stream1_IRQHandler
                0x0000000008000e68                CAN1_SCE_IRQHandler
                0x0000000008000e68                FLASH_IRQHandler
                0x0000000008000e68                DMA2_Stream4_IRQHandler
                0x0000000008000e68                USART1_IRQHandler
                0x0000000008000e68                SPI3_IRQHandler
                0x0000000008000e68                DMA1_Stream4_IRQHandler
                0x0000000008000e68                I2C1_ER_IRQHandler
                0x0000000008000e68                DMA2_Stream6_IRQHandler
                0x0000000008000e68                DMA1_Stream3_IRQHandler
 *fill*         0x0000000008000e6a        0x2 
 .text.HAL_Init
                0x0000000008000e6c       0x44 ./Drivers/STM32F4xx_HAL_Driver/Src/stm32f4xx_hal.o
                0x0000000008000e6c                HAL_Init
 .text.HAL_InitTick
                0x0000000008000eb0       0x60 ./Drivers/STM32F4xx_HAL_Driver/Src/stm32f4xx_hal.o
                0x0000000008000eb0                HAL_InitTick
 .text.HAL_IncTick
                0x0000000008000f10       0x28 ./Drivers/STM32F4xx_HAL_Driver/Src/stm32f4xx_hal.o
                0x0000000008000f10                HAL_IncTick
 .text.HAL_GetTick
                0x0000000008000f38       0x18 ./Drivers/STM32F4xx_HAL_Driver/Src/stm32f4xx_hal.o
                0x0000000008000f38                HAL_GetTick
 .text.HAL_Delay
                0x0000000008000f50       0x48 ./Drivers/STM32F4xx_HAL_Driver/Src/stm32f4xx_hal.o
                0x0000000008000f50                HAL_Delay
 .text.__NVIC_SetPriorityGrouping
                0x0000000008000f98       0x48 ./Drivers/STM32F4xx_HAL_Driver/Src/stm32f4xx_hal_cortex.o
 .text.__NVIC_GetPriorityGrouping
                0x0000000008000fe0       0x1c ./Drivers/STM32F4xx_HAL_Driver/Src/stm32f4xx_hal_cortex.o
 .text.__NVIC_EnableIRQ
                0x0000000008000ffc       0x3c ./Drivers/STM32F4xx_HAL_Driver/Src/stm32f4xx_hal_cortex.o
 .text.__NVIC_SetPriority
                0x0000000008001038       0x54 ./Drivers/STM32F4xx_HAL_Driver/Src/stm32f4xx_hal_cortex.o
 .text.NVIC_EncodePriority
                0x000000000800108c       0x66 ./Drivers/STM32F4xx_HAL_Driver/Src/stm32f4xx_hal_cortex.o
 *fill*         0x00000000080010f2        0x2 
 .text.SysTick_Config
                0x00000000080010f4       0x44 ./Drivers/STM32F4xx_HAL_Driver/Src/stm32f4xx_hal_cortex.o
 .text.HAL_NVIC_SetPriorityGrouping
                0x0000000008001138       0x16 ./Drivers/STM32F4xx_HAL_Driver/Src/stm32f4xx_hal_cortex.o
                0x0000000008001138                HAL_NVIC_SetPriorityGrouping
 .text.HAL_NVIC_SetPriority
                0x000000000800114e       0x38 ./Drivers/STM32F4xx_HAL_Driver/Src/stm32f4xx_hal_cortex.o
                0x000000000800114e                HAL_NVIC_SetPriority
 .text.HAL_NVIC_EnableIRQ
                0x0000000008001186       0x1c ./Drivers/STM32F4xx_HAL_Driver/Src/stm32f4xx_hal_cortex.o
                0x0000000008001186                HAL_NVIC_EnableIRQ
 .text.HAL_SYSTICK_Config
                0x00000000080011a2       0x18 ./Drivers/STM32F4xx_HAL_Driver/Src/stm32f4xx_hal_cortex.o
                0x00000000080011a2                HAL_SYSTICK_Config
 *fill*         0x00000000080011ba        0x2 
 .text.HAL_GPIO_Init
                0x00000000080011bc      0x338 ./Drivers/STM32F4xx_HAL_Driver/Src/stm32f4xx_hal_gpio.o
                0x00000000080011bc                HAL_GPIO_Init
 .text.HAL_GPIO_ReadPin
                0x00000000080014f4       0x30 ./Drivers/STM32F4xx_HAL_Driver/Src/stm32f4xx_hal_gpio.o
                0x00000000080014f4                HAL_GPIO_ReadPin
 .text.HAL_GPIO_WritePin
                0x0000000008001524       0x32 ./Drivers/STM32F4xx_HAL_Driver/Src/stm32f4xx_hal_gpio.o
                0x0000000008001524                HAL_GPIO_WritePin
 *fill*         0x0000000008001556        0x2 
 .text.HAL_I2C_Init
                0x0000000008001558      0x288 ./Drivers/STM32F4xx_HAL_Driver/Src/stm32f4xx_hal_i2c.o
                0x0000000008001558                HAL_I2C_Init
 .text.HAL_I2S_Init
                0x00000000080017e0      0x280 ./Drivers/STM32F4xx_HAL_Driver/Src/stm32f4xx_hal_i2s.o
                0x00000000080017e0                HAL_I2S_Init
 .text.HAL_I2S_TxCpltCallback
                0x0000000008001a60       0x14 ./Drivers/STM32F4xx_HAL_Driver/Src/stm32f4xx_hal_i2s.o
                0x0000000008001a60                HAL_I2S_TxCpltCallback
 .text.HAL_I2S_RxCpltCallback
                0x0000000008001a74       0x14 ./Drivers/STM32F4xx_HAL_Driver/Src/stm32f4xx_hal_i2s.o
                0x0000000008001a74                HAL_I2S_RxCpltCallback
 .text.HAL_I2S_ErrorCallback
                0x0000000008001a88       0x14 ./Drivers/STM32F4xx_HAL_Driver/Src/stm32f4xx_hal_i2s.o
                0x0000000008001a88                HAL_I2S_ErrorCallback
 .text.I2S_Transmit_IT
                0x0000000008001a9c       0x5c ./Drivers/STM32F4xx_HAL_Driver/Src/stm32f4xx_hal_i2s.o
 .text.I2S_Receive_IT
                0x0000000008001af8       0x5e ./Drivers/STM32F4xx_HAL_Driver/Src/stm32f4xx_hal_i2s.o
 .text.I2S_IRQHandler
                0x0000000008001b56      0x114 ./Drivers/STM32F4xx_HAL_Driver/Src/stm32f4xx_hal_i2s.o
 *fill*         0x0000000008001c6a        0x2 
 .text.HAL_I2SEx_FullDuplex_IRQHandler
                0x0000000008001c6c      0x2a8 ./Drivers/STM32F4xx_HAL_Driver/Src/stm32f4xx_hal_i2s_ex.o
                0x0000000008001c6c                HAL_I2SEx_FullDuplex_IRQHandler
 .text.HAL_I2SEx_TxRxCpltCallback
                0x0000000008001f14       0x14 ./Drivers/STM32F4xx_HAL_Driver/Src/stm32f4xx_hal_i2s_ex.o
                0x0000000008001f14                HAL_I2SEx_TxRxCpltCallback
 .text.I2SEx_TxISR_I2S
                0x0000000008001f28       0x62 ./Drivers/STM32F4xx_HAL_Driver/Src/stm32f4xx_hal_i2s_ex.o
 *fill*         0x0000000008001f8a        0x2 
 .text.I2SEx_TxISR_I2SExt
                0x0000000008001f8c       0x98 ./Drivers/STM32F4xx_HAL_Driver/Src/stm32f4xx_hal_i2s_ex.o
 .text.I2SEx_RxISR_I2S
                0x0000000008002024       0x64 ./Drivers/STM32F4xx_HAL_Driver/Src/stm32f4xx_hal_i2s_ex.o
 .text.I2SEx_RxISR_I2SExt
                0x0000000008002088       0x98 ./Drivers/STM32F4xx_HAL_Driver/Src/stm32f4xx_hal_i2s_ex.o
 .text.HAL_PCD_Init
                0x0000000008002120      0x23a ./Drivers/STM32F4xx_HAL_Driver/Src/stm32f4xx_hal_pcd.o
                0x0000000008002120                HAL_PCD_Init
 .text.HAL_PCD_Start
                0x000000000800235a       0x66 ./Drivers/STM32F4xx_HAL_Driver/Src/stm32f4xx_hal_pcd.o
                0x000000000800235a                HAL_PCD_Start
 .text.HAL_PCD_IRQHandler
                0x00000000080023c0      0x764 ./Drivers/STM32F4xx_HAL_Driver/Src/stm32f4xx_hal_pcd.o
                0x00000000080023c0                HAL_PCD_IRQHandler
 .text.HAL_PCD_SetAddress
                0x0000000008002b24       0x4a ./Drivers/STM32F4xx_HAL_Driver/Src/stm32f4xx_hal_pcd.o
                0x0000000008002b24                HAL_PCD_SetAddress
 .text.HAL_PCD_EP_Open
                0x0000000008002b6e       0xd0 ./Drivers/STM32F4xx_HAL_Driver/Src/stm32f4xx_hal_pcd.o
                0x0000000008002b6e                HAL_PCD_EP_Open
 .text.HAL_PCD_EP_Close
                0x0000000008002c3e       0x94 ./Drivers/STM32F4xx_HAL_Driver/Src/stm32f4xx_hal_pcd.o
                0x0000000008002c3e                HAL_PCD_EP_Close
 .text.HAL_PCD_EP_Receive
                0x0000000008002cd2       0x96 ./Drivers/STM32F4xx_HAL_Driver/Src/stm32f4xx_hal_pcd.o
                0x0000000008002cd2                HAL_PCD_EP_Receive
 .text.HAL_PCD_EP_Transmit
                0x0000000008002d68       0x94 ./Drivers/STM32F4xx_HAL_Driver/Src/stm32f4xx_hal_pcd.o
                0x0000000008002d68                HAL_PCD_EP_Transmit
 .text.HAL_PCD_EP_SetStall
                0x0000000008002dfc       0xc8 ./Drivers/STM32F4xx_HAL_Driver/Src/stm32f4xx_hal_pcd.o
                0x0000000008002dfc                HAL_PCD_EP_SetStall
 .text.HAL_PCD_EP_ClrStall
                0x0000000008002ec4       0xac ./Drivers/STM32F4xx_HAL_Driver/Src/stm32f4xx_hal_pcd.o
                0x0000000008002ec4                HAL_PCD_EP_ClrStall
 .text.PCD_WriteEmptyTxFifo
                0x0000000008002f70      0x11a ./Drivers/STM32F4xx_HAL_Driver/Src/stm32f4xx_hal_pcd.o
 *fill*         0x000000000800308a        0x2 
 .text.PCD_EP_OutXfrComplete_int
                0x000000000800308c      0x218 ./Drivers/STM32F4xx_HAL_Driver/Src/stm32f4xx_hal_pcd.o
 .text.PCD_EP_OutSetupPacket_int
                0x00000000080032a4       0x8c ./Drivers/STM32F4xx_HAL_Driver/Src/stm32f4xx_hal_pcd.o
 .text.HAL_PCDEx_SetTxFiFo
                0x0000000008003330       0x8e ./Drivers/STM32F4xx_HAL_Driver/Src/stm32f4xx_hal_pcd_ex.o
                0x0000000008003330                HAL_PCDEx_SetTxFiFo
 .text.HAL_PCDEx_SetRxFiFo
                0x00000000080033be       0x22 ./Drivers/STM32F4xx_HAL_Driver/Src/stm32f4xx_hal_pcd_ex.o
                0x00000000080033be                HAL_PCDEx_SetRxFiFo
 .text.HAL_PCDEx_LPM_Callback
                0x00000000080033e0       0x18 ./Drivers/STM32F4xx_HAL_Driver/Src/stm32f4xx_hal_pcd_ex.o
                0x00000000080033e0                HAL_PCDEx_LPM_Callback
 .text.HAL_RCC_OscConfig
                0x00000000080033f8      0x4f0 ./Drivers/STM32F4xx_HAL_Driver/Src/stm32f4xx_hal_rcc.o
                0x00000000080033f8                HAL_RCC_OscConfig
 .text.HAL_RCC_ClockConfig
                0x00000000080038e8      0x1cc ./Drivers/STM32F4xx_HAL_Driver/Src/stm32f4xx_hal_rcc.o
                0x00000000080038e8                HAL_RCC_ClockConfig
 .text.HAL_RCC_GetSysClockFreq
                0x0000000008003ab4      0x1c4 ./Drivers/STM32F4xx_HAL_Driver/Src/stm32f4xx_hal_rcc.o
                0x0000000008003ab4                HAL_RCC_GetSysClockFreq
 .text.HAL_RCC_GetHCLKFreq
                0x0000000008003c78       0x18 ./Drivers/STM32F4xx_HAL_Driver/Src/stm32f4xx_hal_rcc.o
                0x0000000008003c78                HAL_RCC_GetHCLKFreq
 .text.HAL_RCC_GetPCLK1Freq
                0x0000000008003c90       0x28 ./Drivers/STM32F4xx_HAL_Driver/Src/stm32f4xx_hal_rcc.o
                0x0000000008003c90                HAL_RCC_GetPCLK1Freq
 .text.HAL_RCCEx_PeriphCLKConfig
                0x0000000008003cb8      0x1c4 ./Drivers/STM32F4xx_HAL_Driver/Src/stm32f4xx_hal_rcc_ex.o
                0x0000000008003cb8                HAL_RCCEx_PeriphCLKConfig
 .text.HAL_RCCEx_GetPeriphCLKFreq
                0x0000000008003e7c       0xbc ./Drivers/STM32F4xx_HAL_Driver/Src/stm32f4xx_hal_rcc_ex.o
                0x0000000008003e7c                HAL_RCCEx_GetPeriphCLKFreq
 .text.HAL_SPI_Init
                0x0000000008003f38      0x112 ./Drivers/STM32F4xx_HAL_Driver/Src/stm32f4xx_hal_spi.o
                0x0000000008003f38                HAL_SPI_Init
 .text.USB_CoreInit
                0x000000000800404a       0xc2 ./Drivers/STM32F4xx_HAL_Driver/Src/stm32f4xx_ll_usb.o
                0x000000000800404a                USB_CoreInit
 .text.USB_SetTurnaroundTime
                0x000000000800410c      0x144 ./Drivers/STM32F4xx_HAL_Driver/Src/stm32f4xx_ll_usb.o
                0x000000000800410c                USB_SetTurnaroundTime
 .text.USB_EnableGlobalInt
                0x0000000008004250       0x22 ./Drivers/STM32F4xx_HAL_Driver/Src/stm32f4xx_ll_usb.o
                0x0000000008004250                USB_EnableGlobalInt
 .text.USB_DisableGlobalInt
                0x0000000008004272       0x22 ./Drivers/STM32F4xx_HAL_Driver/Src/stm32f4xx_ll_usb.o
                0x0000000008004272                USB_DisableGlobalInt
 .text.USB_SetCurrentMode
                0x0000000008004294       0x98 ./Drivers/STM32F4xx_HAL_Driver/Src/stm32f4xx_ll_usb.o
                0x0000000008004294                USB_SetCurrentMode
 .text.USB_DevInit
                0x000000000800432c      0x2c8 ./Drivers/STM32F4xx_HAL_Driver/Src/stm32f4xx_ll_usb.o
                0x000000000800432c                USB_DevInit
 .text.USB_FlushTxFifo
                0x00000000080045f4       0x48 ./Drivers/STM32F4xx_HAL_Driver/Src/stm32f4xx_ll_usb.o
                0x00000000080045f4                USB_FlushTxFifo
 .text.USB_FlushRxFifo
                0x000000000800463c       0x40 ./Drivers/STM32F4xx_HAL_Driver/Src/stm32f4xx_ll_usb.o
                0x000000000800463c                USB_FlushRxFifo
 .text.USB_SetDevSpeed
                0x000000000800467c       0x32 ./Drivers/STM32F4xx_HAL_Driver/Src/stm32f4xx_ll_usb.o
                0x000000000800467c                USB_SetDevSpeed
 .text.USB_GetDevSpeed
                0x00000000080046ae       0x4a ./Drivers/STM32F4xx_HAL_Driver/Src/stm32f4xx_ll_usb.o
                0x00000000080046ae                USB_GetDevSpeed
 .text.USB_ActivateEndpoint
                0x00000000080046f8      0x10e ./Drivers/STM32F4xx_HAL_Driver/Src/stm32f4xx_ll_usb.o
                0x00000000080046f8                USB_ActivateEndpoint
 *fill*         0x0000000008004806        0x2 
 .text.USB_DeactivateEndpoint
                0x0000000008004808      0x1b8 ./Drivers/STM32F4xx_HAL_Driver/Src/stm32f4xx_ll_usb.o
                0x0000000008004808                USB_DeactivateEndpoint
 .text.USB_EPStartXfer
                0x00000000080049c0      0x488 ./Drivers/STM32F4xx_HAL_Driver/Src/stm32f4xx_ll_usb.o
                0x00000000080049c0                USB_EPStartXfer
 .text.USB_EP0StartXfer
                0x0000000008004e48      0x2a6 ./Drivers/STM32F4xx_HAL_Driver/Src/stm32f4xx_ll_usb.o
                0x0000000008004e48                USB_EP0StartXfer
 .text.USB_WritePacket
                0x00000000080050ee       0x7c ./Drivers/STM32F4xx_HAL_Driver/Src/stm32f4xx_ll_usb.o
                0x00000000080050ee                USB_WritePacket
 .text.USB_ReadPacket
                0x000000000800516a       0xb0 ./Drivers/STM32F4xx_HAL_Driver/Src/stm32f4xx_ll_usb.o
                0x000000000800516a                USB_ReadPacket
 .text.USB_EPSetStall
                0x000000000800521a       0xdc ./Drivers/STM32F4xx_HAL_Driver/Src/stm32f4xx_ll_usb.o
                0x000000000800521a                USB_EPSetStall
 .text.USB_EPClearStall
                0x00000000080052f6       0xcc ./Drivers/STM32F4xx_HAL_Driver/Src/stm32f4xx_ll_usb.o
                0x00000000080052f6                USB_EPClearStall
 .text.USB_SetDevAddress
                0x00000000080053c2       0x4c ./Drivers/STM32F4xx_HAL_Driver/Src/stm32f4xx_ll_usb.o
                0x00000000080053c2                USB_SetDevAddress
 .text.USB_DevConnect
                0x000000000800540e       0x42 ./Drivers/STM32F4xx_HAL_Driver/Src/stm32f4xx_ll_usb.o
                0x000000000800540e                USB_DevConnect
 .text.USB_DevDisconnect
                0x0000000008005450       0x42 ./Drivers/STM32F4xx_HAL_Driver/Src/stm32f4xx_ll_usb.o
                0x0000000008005450                USB_DevDisconnect
 .text.USB_ReadInterrupts
                0x0000000008005492       0x26 ./Drivers/STM32F4xx_HAL_Driver/Src/stm32f4xx_ll_usb.o
                0x0000000008005492                USB_ReadInterrupts
 .text.USB_ReadDevAllOutEpInterrupt
                0x00000000080054b8       0x34 ./Drivers/STM32F4xx_HAL_Driver/Src/stm32f4xx_ll_usb.o
                0x00000000080054b8                USB_ReadDevAllOutEpInterrupt
 .text.USB_ReadDevAllInEpInterrupt
                0x00000000080054ec       0x34 ./Drivers/STM32F4xx_HAL_Driver/Src/stm32f4xx_ll_usb.o
                0x00000000080054ec                USB_ReadDevAllInEpInterrupt
 .text.USB_ReadDevOutEPInterrupt
                0x0000000008005520       0x3c ./Drivers/STM32F4xx_HAL_Driver/Src/stm32f4xx_ll_usb.o
                0x0000000008005520                USB_ReadDevOutEPInterrupt
 .text.USB_ReadDevInEPInterrupt
                0x000000000800555c       0x5c ./Drivers/STM32F4xx_HAL_Driver/Src/stm32f4xx_ll_usb.o
                0x000000000800555c                USB_ReadDevInEPInterrupt
 .text.USB_GetMode
                0x00000000080055b8       0x1c ./Drivers/STM32F4xx_HAL_Driver/Src/stm32f4xx_ll_usb.o
                0x00000000080055b8                USB_GetMode
 .text.USB_ActivateSetup
                0x00000000080055d4       0x46 ./Drivers/STM32F4xx_HAL_Driver/Src/stm32f4xx_ll_usb.o
                0x00000000080055d4                USB_ActivateSetup
 *fill*         0x000000000800561a        0x2 
 .text.USB_EP0_OutStart
                0x000000000800561c       0xbc ./Drivers/STM32F4xx_HAL_Driver/Src/stm32f4xx_ll_usb.o
                0x000000000800561c                USB_EP0_OutStart
 .text.USB_CoreReset
                0x00000000080056d8       0x64 ./Drivers/STM32F4xx_HAL_Driver/Src/stm32f4xx_ll_usb.o
 .text.USBD_HID_Init
                0x000000000800573c       0x66 ./Middlewares/ST/STM32_USB_Device_Library/Class/HID/Src/usbd_hid.o
 .text.USBD_HID_DeInit
                0x00000000080057a2       0x48 ./Middlewares/ST/STM32_USB_Device_Library/Class/HID/Src/usbd_hid.o
 *fill*         0x00000000080057ea        0x2 
 .text.USBD_HID_Setup
                0x00000000080057ec      0x208 ./Middlewares/ST/STM32_USB_Device_Library/Class/HID/Src/usbd_hid.o
 .text.USBD_HID_SendReport
                0x00000000080059f4       0x50 ./Middlewares/ST/STM32_USB_Device_Library/Class/HID/Src/usbd_hid.o
                0x00000000080059f4                USBD_HID_SendReport
 .text.USBD_HID_GetFSCfgDesc
                0x0000000008005a44       0x20 ./Middlewares/ST/STM32_USB_Device_Library/Class/HID/Src/usbd_hid.o
 .text.USBD_HID_GetHSCfgDesc
                0x0000000008005a64       0x20 ./Middlewares/ST/STM32_USB_Device_Library/Class/HID/Src/usbd_hid.o
 .text.USBD_HID_GetOtherSpeedCfgDesc
                0x0000000008005a84       0x20 ./Middlewares/ST/STM32_USB_Device_Library/Class/HID/Src/usbd_hid.o
 .text.USBD_HID_DataIn
                0x0000000008005aa4       0x24 ./Middlewares/ST/STM32_USB_Device_Library/Class/HID/Src/usbd_hid.o
 .text.USBD_HID_GetDeviceQualifierDesc
                0x0000000008005ac8       0x20 ./Middlewares/ST/STM32_USB_Device_Library/Class/HID/Src/usbd_hid.o
 .text.USBD_Init
                0x0000000008005ae8       0x60 ./Middlewares/ST/STM32_USB_Device_Library/Core/Src/usbd_core.o
                0x0000000008005ae8                USBD_Init
 .text.USBD_RegisterClass
                0x0000000008005b48       0x4e ./Middlewares/ST/STM32_USB_Device_Library/Core/Src/usbd_core.o
                0x0000000008005b48                USBD_RegisterClass
 .text.USBD_Start
                0x0000000008005b96       0x18 ./Middlewares/ST/STM32_USB_Device_Library/Core/Src/usbd_core.o
                0x0000000008005b96                USBD_Start
 .text.USBD_RunTestMode
                0x0000000008005bae       0x16 ./Middlewares/ST/STM32_USB_Device_Library/Core/Src/usbd_core.o
                0x0000000008005bae                USBD_RunTestMode
 .text.USBD_SetClassConfig
                0x0000000008005bc4       0x38 ./Middlewares/ST/STM32_USB_Device_Library/Core/Src/usbd_core.o
                0x0000000008005bc4                USBD_SetClassConfig
 .text.USBD_ClrClassConfig
                0x0000000008005bfc       0x30 ./Middlewares/ST/STM32_USB_Device_Library/Core/Src/usbd_core.o
                0x0000000008005bfc                USBD_ClrClassConfig
 .text.USBD_LL_SetupStage
                0x0000000008005c2c       0xaa ./Middlewares/ST/STM32_USB_Device_Library/Core/Src/usbd_core.o
                0x0000000008005c2c                USBD_LL_SetupStage
 .text.USBD_LL_DataOutStage
                0x0000000008005cd6       0xc6 ./Middlewares/ST/STM32_USB_Device_Library/Core/Src/usbd_core.o
                0x0000000008005cd6                USBD_LL_DataOutStage
 .text.USBD_LL_DataInStage
                0x0000000008005d9c      0x12c ./Middlewares/ST/STM32_USB_Device_Library/Core/Src/usbd_core.o
                0x0000000008005d9c                USBD_LL_DataInStage
 .text.USBD_LL_Reset
                0x0000000008005ec8       0x9c ./Middlewares/ST/STM32_USB_Device_Library/Core/Src/usbd_core.o
                0x0000000008005ec8                USBD_LL_Reset
 .text.USBD_LL_SetSpeed
                0x0000000008005f64       0x20 ./Middlewares/ST/STM32_USB_Device_Library/Core/Src/usbd_core.o
                0x0000000008005f64                USBD_LL_SetSpeed
 .text.USBD_LL_Suspend
                0x0000000008005f84       0x2c ./Middlewares/ST/STM32_USB_Device_Library/Core/Src/usbd_core.o
                0x0000000008005f84                USBD_LL_Suspend
 .text.USBD_LL_Resume
                0x0000000008005fb0       0x30 ./Middlewares/ST/STM32_USB_Device_Library/Core/Src/usbd_core.o
                0x0000000008005fb0                USBD_LL_Resume
 .text.USBD_LL_SOF
                0x0000000008005fe0       0x44 ./Middlewares/ST/STM32_USB_Device_Library/Core/Src/usbd_core.o
                0x0000000008005fe0                USBD_LL_SOF
 .text.USBD_LL_IsoINIncomplete
                0x0000000008006024       0x4c ./Middlewares/ST/STM32_USB_Device_Library/Core/Src/usbd_core.o
                0x0000000008006024                USBD_LL_IsoINIncomplete
 .text.USBD_LL_IsoOUTIncomplete
                0x0000000008006070       0x4c ./Middlewares/ST/STM32_USB_Device_Library/Core/Src/usbd_core.o
                0x0000000008006070                USBD_LL_IsoOUTIncomplete
 .text.USBD_LL_DevConnected
                0x00000000080060bc       0x16 ./Middlewares/ST/STM32_USB_Device_Library/Core/Src/usbd_core.o
                0x00000000080060bc                USBD_LL_DevConnected
 .text.USBD_LL_DevDisconnected
                0x00000000080060d2       0x38 ./Middlewares/ST/STM32_USB_Device_Library/Core/Src/usbd_core.o
                0x00000000080060d2                USBD_LL_DevDisconnected
 .text.SWAPBYTE
                0x000000000800610a       0x3c ./Middlewares/ST/STM32_USB_Device_Library/Core/Src/usbd_ctlreq.o
 *fill*         0x0000000008006146        0x2 
 .text.USBD_StdDevReq
                0x0000000008006148       0xdc ./Middlewares/ST/STM32_USB_Device_Library/Core/Src/usbd_ctlreq.o
                0x0000000008006148                USBD_StdDevReq
 .text.USBD_StdItfReq
                0x0000000008006224       0x92 ./Middlewares/ST/STM32_USB_Device_Library/Core/Src/usbd_ctlreq.o
                0x0000000008006224                USBD_StdItfReq
 .text.USBD_StdEPReq
                0x00000000080062b6      0x2c4 ./Middlewares/ST/STM32_USB_Device_Library/Core/Src/usbd_ctlreq.o
                0x00000000080062b6                USBD_StdEPReq
 *fill*         0x000000000800657a        0x2 
 .text.USBD_GetDescriptor
                0x000000000800657c      0x2d4 ./Middlewares/ST/STM32_USB_Device_Library/Core/Src/usbd_ctlreq.o
 .text.USBD_SetAddress
                0x0000000008006850       0x88 ./Middlewares/ST/STM32_USB_Device_Library/Core/Src/usbd_ctlreq.o
 .text.USBD_SetConfig
                0x00000000080068d8      0x14c ./Middlewares/ST/STM32_USB_Device_Library/Core/Src/usbd_ctlreq.o
 .text.USBD_GetConfig
                0x0000000008006a24       0x6c ./Middlewares/ST/STM32_USB_Device_Library/Core/Src/usbd_ctlreq.o
 .text.USBD_GetStatus
                0x0000000008006a90       0x68 ./Middlewares/ST/STM32_USB_Device_Library/Core/Src/usbd_ctlreq.o
 .text.USBD_SetFeature
                0x0000000008006af8       0x28 ./Middlewares/ST/STM32_USB_Device_Library/Core/Src/usbd_ctlreq.o
 .text.USBD_ClrFeature
                0x0000000008006b20       0x44 ./Middlewares/ST/STM32_USB_Device_Library/Core/Src/usbd_ctlreq.o
 .text.USBD_ParseSetupRequest
                0x0000000008006b64       0x74 ./Middlewares/ST/STM32_USB_Device_Library/Core/Src/usbd_ctlreq.o
                0x0000000008006b64                USBD_ParseSetupRequest
 .text.USBD_CtlError
                0x0000000008006bd8       0x22 ./Middlewares/ST/STM32_USB_Device_Library/Core/Src/usbd_ctlreq.o
                0x0000000008006bd8                USBD_CtlError
 .text.USBD_GetString
                0x0000000008006bfa       0x8c ./Middlewares/ST/STM32_USB_Device_Library/Core/Src/usbd_ctlreq.o
                0x0000000008006bfa                USBD_GetString
 .text.USBD_GetLen
                0x0000000008006c86       0x34 ./Middlewares/ST/STM32_USB_Device_Library/Core/Src/usbd_ctlreq.o
 .text.USBD_CtlSendData
                0x0000000008006cba       0x36 ./Middlewares/ST/STM32_USB_Device_Library/Core/Src/usbd_ioreq.o
                0x0000000008006cba                USBD_CtlSendData
 .text.USBD_CtlContinueSendData
                0x0000000008006cf0       0x22 ./Middlewares/ST/STM32_USB_Device_Library/Core/Src/usbd_ioreq.o
                0x0000000008006cf0                USBD_CtlContinueSendData
 .text.USBD_CtlContinueRx
                0x0000000008006d12       0x22 ./Middlewares/ST/STM32_USB_Device_Library/Core/Src/usbd_ioreq.o
                0x0000000008006d12                USBD_CtlContinueRx
 .text.USBD_CtlSendStatus
                0x0000000008006d34       0x26 ./Middlewares/ST/STM32_USB_Device_Library/Core/Src/usbd_ioreq.o
                0x0000000008006d34                USBD_CtlSendStatus
 .text.USBD_CtlReceiveStatus
                0x0000000008006d5a       0x26 ./Middlewares/ST/STM32_USB_Device_Library/Core/Src/usbd_ioreq.o
                0x0000000008006d5a                USBD_CtlReceiveStatus
 .text.MX_USB_DEVICE_Init
                0x0000000008006d80       0x4c ./USB_DEVICE/App/usb_device.o
                0x0000000008006d80                MX_USB_DEVICE_Init
 .text.USBD_FS_DeviceDescriptor
                0x0000000008006dcc       0x24 ./USB_DEVICE/App/usbd_desc.o
                0x0000000008006dcc                USBD_FS_DeviceDescriptor
 .text.USBD_FS_LangIDStrDescriptor
                0x0000000008006df0       0x24 ./USB_DEVICE/App/usbd_desc.o
                0x0000000008006df0                USBD_FS_LangIDStrDescriptor
 .text.USBD_FS_ProductStrDescriptor
                0x0000000008006e14       0x3c ./USB_DEVICE/App/usbd_desc.o
                0x0000000008006e14                USBD_FS_ProductStrDescriptor
 .text.USBD_FS_ManufacturerStrDescriptor
                0x0000000008006e50       0x28 ./USB_DEVICE/App/usbd_desc.o
                0x0000000008006e50                USBD_FS_ManufacturerStrDescriptor
 .text.USBD_FS_SerialStrDescriptor
                0x0000000008006e78       0x24 ./USB_DEVICE/App/usbd_desc.o
                0x0000000008006e78                USBD_FS_SerialStrDescriptor
 .text.USBD_FS_ConfigStrDescriptor
                0x0000000008006e9c       0x3c ./USB_DEVICE/App/usbd_desc.o
                0x0000000008006e9c                USBD_FS_ConfigStrDescriptor
 .text.USBD_FS_InterfaceStrDescriptor
                0x0000000008006ed8       0x3c ./USB_DEVICE/App/usbd_desc.o
                0x0000000008006ed8                USBD_FS_InterfaceStrDescriptor
 .text.Get_SerialNum
                0x0000000008006f14       0x58 ./USB_DEVICE/App/usbd_desc.o
 .text.IntToUnicode
                0x0000000008006f6c       0x7e ./USB_DEVICE/App/usbd_desc.o
 *fill*         0x0000000008006fea        0x2 
 .text.HAL_PCD_MspInit
                0x0000000008006fec       0xe4 ./USB_DEVICE/Target/usbd_conf.o
                0x0000000008006fec                HAL_PCD_MspInit
 .text.HAL_PCD_SetupStageCallback
                0x00000000080070d0       0x24 ./USB_DEVICE/Target/usbd_conf.o
                0x00000000080070d0                HAL_PCD_SetupStageCallback
 .text.HAL_PCD_DataOutStageCallback
                0x00000000080070f4       0x36 ./USB_DEVICE/Target/usbd_conf.o
                0x00000000080070f4                HAL_PCD_DataOutStageCallback
 .text.HAL_PCD_DataInStageCallback
                0x000000000800712a       0x34 ./USB_DEVICE/Target/usbd_conf.o
                0x000000000800712a                HAL_PCD_DataInStageCallback
 .text.HAL_PCD_SOFCallback
                0x000000000800715e       0x1c ./USB_DEVICE/Target/usbd_conf.o
                0x000000000800715e                HAL_PCD_SOFCallback
 .text.HAL_PCD_ResetCallback
                0x000000000800717a       0x50 ./USB_DEVICE/Target/usbd_conf.o
                0x000000000800717a                HAL_PCD_ResetCallback
 *fill*         0x00000000080071ca        0x2 
 .text.HAL_PCD_SuspendCallback
                0x00000000080071cc       0x4c ./USB_DEVICE/Target/usbd_conf.o
                0x00000000080071cc                HAL_PCD_SuspendCallback
 .text.HAL_PCD_ResumeCallback
                0x0000000008007218       0x1c ./USB_DEVICE/Target/usbd_conf.o
                0x0000000008007218                HAL_PCD_ResumeCallback
 .text.HAL_PCD_ISOOUTIncompleteCallback
                0x0000000008007234       0x24 ./USB_DEVICE/Target/usbd_conf.o
                0x0000000008007234                HAL_PCD_ISOOUTIncompleteCallback
 .text.HAL_PCD_ISOINIncompleteCallback
                0x0000000008007258       0x24 ./USB_DEVICE/Target/usbd_conf.o
                0x0000000008007258                HAL_PCD_ISOINIncompleteCallback
 .text.HAL_PCD_ConnectCallback
                0x000000000800727c       0x1c ./USB_DEVICE/Target/usbd_conf.o
                0x000000000800727c                HAL_PCD_ConnectCallback
 .text.HAL_PCD_DisconnectCallback
                0x0000000008007298       0x1c ./USB_DEVICE/Target/usbd_conf.o
                0x0000000008007298                HAL_PCD_DisconnectCallback
 .text.USBD_LL_Init
                0x00000000080072b4       0x98 ./USB_DEVICE/Target/usbd_conf.o
                0x00000000080072b4                USBD_LL_Init
 .text.USBD_LL_Start
                0x000000000800734c       0x36 ./USB_DEVICE/Target/usbd_conf.o
                0x000000000800734c                USBD_LL_Start
 .text.USBD_LL_OpenEP
                0x0000000008007382       0x4c ./USB_DEVICE/Target/usbd_conf.o
                0x0000000008007382                USBD_LL_OpenEP
 .text.USBD_LL_CloseEP
                0x00000000080073ce       0x3e ./USB_DEVICE/Target/usbd_conf.o
                0x00000000080073ce                USBD_LL_CloseEP
 .text.USBD_LL_StallEP
                0x000000000800740c       0x3e ./USB_DEVICE/Target/usbd_conf.o
                0x000000000800740c                USBD_LL_StallEP
 .text.USBD_LL_ClearStallEP
                0x000000000800744a       0x3e ./USB_DEVICE/Target/usbd_conf.o
                0x000000000800744a                USBD_LL_ClearStallEP
 .text.USBD_LL_IsStallEP
                0x0000000008007488       0x58 ./USB_DEVICE/Target/usbd_conf.o
                0x0000000008007488                USBD_LL_IsStallEP
 .text.USBD_LL_SetUSBAddress
                0x00000000080074e0       0x3e ./USB_DEVICE/Target/usbd_conf.o
                0x00000000080074e0                USBD_LL_SetUSBAddress
 .text.USBD_LL_Transmit
                0x000000000800751e       0x42 ./USB_DEVICE/Target/usbd_conf.o
                0x000000000800751e                USBD_LL_Transmit
 .text.USBD_LL_PrepareReceive
                0x0000000008007560       0x42 ./USB_DEVICE/Target/usbd_conf.o
                0x0000000008007560                USBD_LL_PrepareReceive
 *fill*         0x00000000080075a2        0x2 
 .text.USBD_static_malloc
                0x00000000080075a4       0x1c ./USB_DEVICE/Target/usbd_conf.o
                0x00000000080075a4                USBD_static_malloc
 .text.USBD_static_free
                0x00000000080075c0       0x14 ./USB_DEVICE/Target/usbd_conf.o
                0x00000000080075c0                USBD_static_free
 .text.USBD_Get_USB_Status
                0x00000000080075d4       0x58 ./USB_DEVICE/Target/usbd_conf.o
                0x00000000080075d4                USBD_Get_USB_Status
 .text.__libc_init_array
                0x000000000800762c       0x48 c:/st/stm32cubeide_1.0.2/stm32cubeide/plugins/com.st.stm32cube.ide.mcu.externaltools.gnu-tools-for-stm32.9-2020-q2-update.win32_2.0.0.202105311346/tools/bin/../lib/gcc/arm-none-eabi/9.3.1/../../../../arm-none-eabi/lib/thumb/v7e-m+fp/hard\libc_nano.a(lib_a-init.o)
                0x000000000800762c                __libc_init_array
 .text.memset   0x0000000008007674       0x10 c:/st/stm32cubeide_1.0.2/stm32cubeide/plugins/com.st.stm32cube.ide.mcu.externaltools.gnu-tools-for-stm32.9-2020-q2-update.win32_2.0.0.202105311346/tools/bin/../lib/gcc/arm-none-eabi/9.3.1/../../../../arm-none-eabi/lib/thumb/v7e-m+fp/hard\libc_nano.a(lib_a-memset.o)
                0x0000000008007674                memset
 *(.glue_7)
 .glue_7        0x0000000008007684        0x0 linker stubs
 *(.glue_7t)
 .glue_7t       0x0000000008007684        0x0 linker stubs
 *(.eh_frame)
 .eh_frame      0x0000000008007684        0x0 c:/st/stm32cubeide_1.0.2/stm32cubeide/plugins/com.st.stm32cube.ide.mcu.externaltools.gnu-tools-for-stm32.9-2020-q2-update.win32_2.0.0.202105311346/tools/bin/../lib/gcc/arm-none-eabi/9.3.1/thumb/v7e-m+fp/hard/crtbegin.o
 *(.init)
 .init          0x0000000008007684        0x4 c:/st/stm32cubeide_1.0.2/stm32cubeide/plugins/com.st.stm32cube.ide.mcu.externaltools.gnu-tools-for-stm32.9-2020-q2-update.win32_2.0.0.202105311346/tools/bin/../lib/gcc/arm-none-eabi/9.3.1/thumb/v7e-m+fp/hard/crti.o
                0x0000000008007684                _init
 .init          0x0000000008007688        0x8 c:/st/stm32cubeide_1.0.2/stm32cubeide/plugins/com.st.stm32cube.ide.mcu.externaltools.gnu-tools-for-stm32.9-2020-q2-update.win32_2.0.0.202105311346/tools/bin/../lib/gcc/arm-none-eabi/9.3.1/thumb/v7e-m+fp/hard/crtn.o
 *(.fini)
 .fini          0x0000000008007690        0x4 c:/st/stm32cubeide_1.0.2/stm32cubeide/plugins/com.st.stm32cube.ide.mcu.externaltools.gnu-tools-for-stm32.9-2020-q2-update.win32_2.0.0.202105311346/tools/bin/../lib/gcc/arm-none-eabi/9.3.1/thumb/v7e-m+fp/hard/crti.o
                0x0000000008007690                _fini
 .fini          0x0000000008007694        0x8 c:/st/stm32cubeide_1.0.2/stm32cubeide/plugins/com.st.stm32cube.ide.mcu.externaltools.gnu-tools-for-stm32.9-2020-q2-update.win32_2.0.0.202105311346/tools/bin/../lib/gcc/arm-none-eabi/9.3.1/thumb/v7e-m+fp/hard/crtn.o
                0x000000000800769c                . = ALIGN (0x4)
                0x000000000800769c                _etext = .

.vfp11_veneer   0x000000000800769c        0x0
 .vfp11_veneer  0x000000000800769c        0x0 linker stubs

.v4_bx          0x000000000800769c        0x0
 .v4_bx         0x000000000800769c        0x0 linker stubs

.iplt           0x000000000800769c        0x0
 .iplt          0x000000000800769c        0x0 c:/st/stm32cubeide_1.0.2/stm32cubeide/plugins/com.st.stm32cube.ide.mcu.externaltools.gnu-tools-for-stm32.9-2020-q2-update.win32_2.0.0.202105311346/tools/bin/../lib/gcc/arm-none-eabi/9.3.1/thumb/v7e-m+fp/hard/crtbegin.o

.rodata         0x000000000800769c       0x60
                0x000000000800769c                . = ALIGN (0x4)
 *(.rodata)
 .rodata        0x000000000800769c       0x46 ./USB_DEVICE/App/usbd_desc.o
 *(.rodata*)
 *fill*         0x00000000080076e2        0x2 
 .rodata.AHBPrescTable
                0x00000000080076e4       0x10 ./Core/Src/system_stm32f4xx.o
                0x00000000080076e4                AHBPrescTable
 .rodata.APBPrescTable
                0x00000000080076f4        0x8 ./Core/Src/system_stm32f4xx.o
                0x00000000080076f4                APBPrescTable
                0x00000000080076fc                . = ALIGN (0x4)

.ARM.extab      0x00000000080076fc        0x0
                0x00000000080076fc                . = ALIGN (0x4)
 *(.ARM.extab* .gnu.linkonce.armextab.*)
                0x00000000080076fc                . = ALIGN (0x4)

.ARM            0x00000000080076fc        0x8
                0x00000000080076fc                . = ALIGN (0x4)
                0x00000000080076fc                __exidx_start = .
 *(.ARM.exidx*)
 .ARM.exidx     0x00000000080076fc        0x8 c:/st/stm32cubeide_1.0.2/stm32cubeide/plugins/com.st.stm32cube.ide.mcu.externaltools.gnu-tools-for-stm32.9-2020-q2-update.win32_2.0.0.202105311346/tools/bin/../lib/gcc/arm-none-eabi/9.3.1/thumb/v7e-m+fp/hard\libgcc.a(_udivmoddi4.o)
                0x0000000008007704                __exidx_end = .
                0x0000000008007704                . = ALIGN (0x4)

.rel.dyn        0x0000000008007704        0x0
 .rel.iplt      0x0000000008007704        0x0 c:/st/stm32cubeide_1.0.2/stm32cubeide/plugins/com.st.stm32cube.ide.mcu.externaltools.gnu-tools-for-stm32.9-2020-q2-update.win32_2.0.0.202105311346/tools/bin/../lib/gcc/arm-none-eabi/9.3.1/thumb/v7e-m+fp/hard/crtbegin.o

.preinit_array  0x0000000008007704        0x0
                0x0000000008007704                . = ALIGN (0x4)
                0x0000000008007704                PROVIDE (__preinit_array_start = .)
 *(.preinit_array*)
                0x0000000008007704                PROVIDE (__preinit_array_end = .)
                0x0000000008007704                . = ALIGN (0x4)

.init_array     0x0000000008007704        0x4
                0x0000000008007704                . = ALIGN (0x4)
                0x0000000008007704                PROVIDE (__init_array_start = .)
 *(SORT_BY_NAME(.init_array.*))
 *(.init_array*)
 .init_array    0x0000000008007704        0x4 c:/st/stm32cubeide_1.0.2/stm32cubeide/plugins/com.st.stm32cube.ide.mcu.externaltools.gnu-tools-for-stm32.9-2020-q2-update.win32_2.0.0.202105311346/tools/bin/../lib/gcc/arm-none-eabi/9.3.1/thumb/v7e-m+fp/hard/crtbegin.o
                0x0000000008007708                PROVIDE (__init_array_end = .)
                0x0000000008007708                . = ALIGN (0x4)

.fini_array     0x0000000008007708        0x4
                0x0000000008007708                . = ALIGN (0x4)
                [!provide]                        PROVIDE (__fini_array_start = .)
 *(SORT_BY_NAME(.fini_array.*))
 *(.fini_array*)
 .fini_array    0x0000000008007708        0x4 c:/st/stm32cubeide_1.0.2/stm32cubeide/plugins/com.st.stm32cube.ide.mcu.externaltools.gnu-tools-for-stm32.9-2020-q2-update.win32_2.0.0.202105311346/tools/bin/../lib/gcc/arm-none-eabi/9.3.1/thumb/v7e-m+fp/hard/crtbegin.o
                [!provide]                        PROVIDE (__fini_array_end = .)
                0x000000000800770c                . = ALIGN (0x4)
                0x000000000800770c                _sidata = LOADADDR (.data)

.data           0x0000000020000000      0x180 load address 0x000000000800770c
                0x0000000020000000                . = ALIGN (0x4)
                0x0000000020000000                _sdata = .
 *(.data)
 *(.data*)
 .data.SystemCoreClock
                0x0000000020000000        0x4 ./Core/Src/system_stm32f4xx.o
                0x0000000020000000                SystemCoreClock
 .data.uwTickPrio
                0x0000000020000004        0x4 ./Drivers/STM32F4xx_HAL_Driver/Src/stm32f4xx_hal.o
                0x0000000020000004                uwTickPrio
 .data.uwTickFreq
                0x0000000020000008        0x1 ./Drivers/STM32F4xx_HAL_Driver/Src/stm32f4xx_hal.o
                0x0000000020000008                uwTickFreq
 *fill*         0x0000000020000009        0x3 
 .data.USBD_HID
                0x000000002000000c       0x38 ./Middlewares/ST/STM32_USB_Device_Library/Class/HID/Src/usbd_hid.o
                0x000000002000000c                USBD_HID
 .data.USBD_HID_CfgFSDesc
                0x0000000020000044       0x22 ./Middlewares/ST/STM32_USB_Device_Library/Class/HID/Src/usbd_hid.o
 *fill*         0x0000000020000066        0x2 
 .data.USBD_HID_CfgHSDesc
                0x0000000020000068       0x22 ./Middlewares/ST/STM32_USB_Device_Library/Class/HID/Src/usbd_hid.o
 *fill*         0x000000002000008a        0x2 
 .data.USBD_HID_OtherSpeedCfgDesc
                0x000000002000008c       0x22 ./Middlewares/ST/STM32_USB_Device_Library/Class/HID/Src/usbd_hid.o
 *fill*         0x00000000200000ae        0x2 
 .data.USBD_HID_Desc
                0x00000000200000b0        0x9 ./Middlewares/ST/STM32_USB_Device_Library/Class/HID/Src/usbd_hid.o
 *fill*         0x00000000200000b9        0x3 
 .data.USBD_HID_DeviceQualifierDesc
                0x00000000200000bc        0xa ./Middlewares/ST/STM32_USB_Device_Library/Class/HID/Src/usbd_hid.o
 *fill*         0x00000000200000c6        0x2 
 .data.HID_MOUSE_ReportDesc
                0x00000000200000c8       0x65 ./Middlewares/ST/STM32_USB_Device_Library/Class/HID/Src/usbd_hid.o
 *fill*         0x000000002000012d        0x3 
 .data.FS_Desc  0x0000000020000130       0x1c ./USB_DEVICE/App/usbd_desc.o
                0x0000000020000130                FS_Desc
 .data.USBD_FS_DeviceDesc
                0x000000002000014c       0x12 ./USB_DEVICE/App/usbd_desc.o
                0x000000002000014c                USBD_FS_DeviceDesc
 *fill*         0x000000002000015e        0x2 
 .data.USBD_LangIDDesc
                0x0000000020000160        0x4 ./USB_DEVICE/App/usbd_desc.o
                0x0000000020000160                USBD_LangIDDesc
 .data.USBD_StringSerial
                0x0000000020000164       0x1a ./USB_DEVICE/App/usbd_desc.o
                0x0000000020000164                USBD_StringSerial
 *(.RamFunc)
 *(.RamFunc*)
                0x0000000020000180                . = ALIGN (0x4)
 *fill*         0x000000002000017e        0x2 
                0x0000000020000180                _edata = .
                0x000000000800788c                _siccmram = LOADADDR (.ccmram)

.igot.plt       0x0000000020000180        0x0 load address 0x000000000800788c
 .igot.plt      0x0000000020000180        0x0 c:/st/stm32cubeide_1.0.2/stm32cubeide/plugins/com.st.stm32cube.ide.mcu.externaltools.gnu-tools-for-stm32.9-2020-q2-update.win32_2.0.0.202105311346/tools/bin/../lib/gcc/arm-none-eabi/9.3.1/thumb/v7e-m+fp/hard/crtbegin.o

.ccmram         0x0000000010000000        0x0 load address 0x000000000800788c
                0x0000000010000000                . = ALIGN (0x4)
                0x0000000010000000                _sccmram = .
 *(.ccmram)
 *(.ccmram*)
                0x0000000010000000                . = ALIGN (0x4)
                0x0000000010000000                _eccmram = .
                0x0000000010000000                . = ALIGN (0x4)

.bss            0x0000000020000180      0xa18
                0x0000000020000180                _sbss = .
                0x0000000020000180                __bss_start__ = _sbss
 *(.bss)
 .bss           0x0000000020000180       0x1c c:/st/stm32cubeide_1.0.2/stm32cubeide/plugins/com.st.stm32cube.ide.mcu.externaltools.gnu-tools-for-stm32.9-2020-q2-update.win32_2.0.0.202105311346/tools/bin/../lib/gcc/arm-none-eabi/9.3.1/thumb/v7e-m+fp/hard/crtbegin.o
 *(.bss*)
 .bss.cfgidx.10403
                0x000000002000019c        0x1 ./Middlewares/ST/STM32_USB_Device_Library/Core/Src/usbd_ctlreq.o
 *fill*         0x000000002000019d        0x3 
 .bss.mem.10440
                0x00000000200001a0       0x14 ./USB_DEVICE/Target/usbd_conf.o
 *(COMMON)
 COMMON         0x00000000200001b4      0x108 ./Core/Src/main.o
                0x00000000200001b4                hi2c1
                0x0000000020000208                report_data
                0x000000002000021c                hspi1
                0x0000000020000274                hi2s3
 COMMON         0x00000000200002bc        0x4 ./Drivers/STM32F4xx_HAL_Driver/Src/stm32f4xx_hal.o
                0x00000000200002bc                uwTick
 COMMON         0x00000000200002c0      0x2d0 ./USB_DEVICE/App/usb_device.o
                0x00000000200002c0                hUsbDeviceFS
 COMMON         0x0000000020000590      0x200 ./USB_DEVICE/App/usbd_desc.o
                0x0000000020000590                USBD_StrDesc
 COMMON         0x0000000020000790      0x408 ./USB_DEVICE/Target/usbd_conf.o
                0x0000000020000790                hpcd_USB_OTG_FS
                0x0000000020000b98                . = ALIGN (0x4)
                0x0000000020000b98                _ebss = .
                0x0000000020000b98                __bss_end__ = _ebss

._user_heap_stack
                0x0000000020000b98      0x600
                0x0000000020000b98                . = ALIGN (0x8)
                [!provide]                        PROVIDE (end = .)
                0x0000000020000b98                PROVIDE (_end = .)
                0x0000000020000d98                . = (. + _Min_Heap_Size)
 *fill*         0x0000000020000b98      0x200 
                0x0000000020001198                . = (. + _Min_Stack_Size)
 *fill*         0x0000000020000d98      0x400 
                0x0000000020001198                . = ALIGN (0x8)

/DISCARD/
 libc.a(*)
 libm.a(*)
 libgcc.a(*)

.ARM.attributes
                0x0000000000000000       0x30
 *(.ARM.attributes)
 .ARM.attributes
                0x0000000000000000       0x1e c:/st/stm32cubeide_1.0.2/stm32cubeide/plugins/com.st.stm32cube.ide.mcu.externaltools.gnu-tools-for-stm32.9-2020-q2-update.win32_2.0.0.202105311346/tools/bin/../lib/gcc/arm-none-eabi/9.3.1/thumb/v7e-m+fp/hard/crti.o
 .ARM.attributes
                0x000000000000001e       0x34 c:/st/stm32cubeide_1.0.2/stm32cubeide/plugins/com.st.stm32cube.ide.mcu.externaltools.gnu-tools-for-stm32.9-2020-q2-update.win32_2.0.0.202105311346/tools/bin/../lib/gcc/arm-none-eabi/9.3.1/thumb/v7e-m+fp/hard/crtbegin.o
 .ARM.attributes
                0x0000000000000052       0x34 ./Core/Src/main.o
 .ARM.attributes
                0x0000000000000086       0x34 ./Core/Src/stm32f4xx_hal_msp.o
 .ARM.attributes
                0x00000000000000ba       0x34 ./Core/Src/stm32f4xx_it.o
 .ARM.attributes
                0x00000000000000ee       0x34 ./Core/Src/system_stm32f4xx.o
 .ARM.attributes
                0x0000000000000122       0x21 ./Core/Startup/startup_stm32f407vgtx.o
 .ARM.attributes
                0x0000000000000143       0x34 ./Drivers/STM32F4xx_HAL_Driver/Src/stm32f4xx_hal.o
 .ARM.attributes
                0x0000000000000177       0x34 ./Drivers/STM32F4xx_HAL_Driver/Src/stm32f4xx_hal_cortex.o
 .ARM.attributes
                0x00000000000001ab       0x34 ./Drivers/STM32F4xx_HAL_Driver/Src/stm32f4xx_hal_gpio.o
 .ARM.attributes
                0x00000000000001df       0x34 ./Drivers/STM32F4xx_HAL_Driver/Src/stm32f4xx_hal_i2c.o
 .ARM.attributes
                0x0000000000000213       0x34 ./Drivers/STM32F4xx_HAL_Driver/Src/stm32f4xx_hal_i2s.o
 .ARM.attributes
                0x0000000000000247       0x34 ./Drivers/STM32F4xx_HAL_Driver/Src/stm32f4xx_hal_i2s_ex.o
 .ARM.attributes
                0x000000000000027b       0x34 ./Drivers/STM32F4xx_HAL_Driver/Src/stm32f4xx_hal_pcd.o
 .ARM.attributes
                0x00000000000002af       0x34 ./Drivers/STM32F4xx_HAL_Driver/Src/stm32f4xx_hal_pcd_ex.o
 .ARM.attributes
                0x00000000000002e3       0x34 ./Drivers/STM32F4xx_HAL_Driver/Src/stm32f4xx_hal_rcc.o
 .ARM.attributes
                0x0000000000000317       0x34 ./Drivers/STM32F4xx_HAL_Driver/Src/stm32f4xx_hal_rcc_ex.o
 .ARM.attributes
                0x000000000000034b       0x34 ./Drivers/STM32F4xx_HAL_Driver/Src/stm32f4xx_hal_spi.o
 .ARM.attributes
                0x000000000000037f       0x34 ./Drivers/STM32F4xx_HAL_Driver/Src/stm32f4xx_ll_usb.o
 .ARM.attributes
                0x00000000000003b3       0x34 ./Middlewares/ST/STM32_USB_Device_Library/Class/HID/Src/usbd_hid.o
 .ARM.attributes
                0x00000000000003e7       0x34 ./Middlewares/ST/STM32_USB_Device_Library/Core/Src/usbd_core.o
 .ARM.attributes
                0x000000000000041b       0x34 ./Middlewares/ST/STM32_USB_Device_Library/Core/Src/usbd_ctlreq.o
 .ARM.attributes
                0x000000000000044f       0x34 ./Middlewares/ST/STM32_USB_Device_Library/Core/Src/usbd_ioreq.o
 .ARM.attributes
                0x0000000000000483       0x34 ./USB_DEVICE/App/usb_device.o
 .ARM.attributes
                0x00000000000004b7       0x34 ./USB_DEVICE/App/usbd_desc.o
 .ARM.attributes
                0x00000000000004eb       0x34 ./USB_DEVICE/Target/usbd_conf.o
 .ARM.attributes
                0x000000000000051f       0x34 c:/st/stm32cubeide_1.0.2/stm32cubeide/plugins/com.st.stm32cube.ide.mcu.externaltools.gnu-tools-for-stm32.9-2020-q2-update.win32_2.0.0.202105311346/tools/bin/../lib/gcc/arm-none-eabi/9.3.1/../../../../arm-none-eabi/lib/thumb/v7e-m+fp/hard\libc_nano.a(lib_a-init.o)
 .ARM.attributes
                0x0000000000000553       0x34 c:/st/stm32cubeide_1.0.2/stm32cubeide/plugins/com.st.stm32cube.ide.mcu.externaltools.gnu-tools-for-stm32.9-2020-q2-update.win32_2.0.0.202105311346/tools/bin/../lib/gcc/arm-none-eabi/9.3.1/../../../../arm-none-eabi/lib/thumb/v7e-m+fp/hard\libc_nano.a(lib_a-memset.o)
 .ARM.attributes
                0x0000000000000587       0x1e c:/st/stm32cubeide_1.0.2/stm32cubeide/plugins/com.st.stm32cube.ide.mcu.externaltools.gnu-tools-for-stm32.9-2020-q2-update.win32_2.0.0.202105311346/tools/bin/../lib/gcc/arm-none-eabi/9.3.1/thumb/v7e-m+fp/hard\libgcc.a(_aeabi_uldivmod.o)
 .ARM.attributes
                0x00000000000005a5       0x34 c:/st/stm32cubeide_1.0.2/stm32cubeide/plugins/com.st.stm32cube.ide.mcu.externaltools.gnu-tools-for-stm32.9-2020-q2-update.win32_2.0.0.202105311346/tools/bin/../lib/gcc/arm-none-eabi/9.3.1/thumb/v7e-m+fp/hard\libgcc.a(_udivmoddi4.o)
 .ARM.attributes
                0x00000000000005d9       0x1e c:/st/stm32cubeide_1.0.2/stm32cubeide/plugins/com.st.stm32cube.ide.mcu.externaltools.gnu-tools-for-stm32.9-2020-q2-update.win32_2.0.0.202105311346/tools/bin/../lib/gcc/arm-none-eabi/9.3.1/thumb/v7e-m+fp/hard\libgcc.a(_dvmd_tls.o)
 .ARM.attributes
                0x00000000000005f7       0x1e c:/st/stm32cubeide_1.0.2/stm32cubeide/plugins/com.st.stm32cube.ide.mcu.externaltools.gnu-tools-for-stm32.9-2020-q2-update.win32_2.0.0.202105311346/tools/bin/../lib/gcc/arm-none-eabi/9.3.1/thumb/v7e-m+fp/hard/crtn.o
OUTPUT(xbox395.elf elf32-littlearm)
LOAD linker stubs
LOAD c:/st/stm32cubeide_1.0.2/stm32cubeide/plugins/com.st.stm32cube.ide.mcu.externaltools.gnu-tools-for-stm32.9-2020-q2-update.win32_2.0.0.202105311346/tools/bin/../lib/gcc/arm-none-eabi/9.3.1/../../../../arm-none-eabi/lib/thumb/v7e-m+fp/hard\libc.a
LOAD c:/st/stm32cubeide_1.0.2/stm32cubeide/plugins/com.st.stm32cube.ide.mcu.externaltools.gnu-tools-for-stm32.9-2020-q2-update.win32_2.0.0.202105311346/tools/bin/../lib/gcc/arm-none-eabi/9.3.1/../../../../arm-none-eabi/lib/thumb/v7e-m+fp/hard\libm.a
LOAD c:/st/stm32cubeide_1.0.2/stm32cubeide/plugins/com.st.stm32cube.ide.mcu.externaltools.gnu-tools-for-stm32.9-2020-q2-update.win32_2.0.0.202105311346/tools/bin/../lib/gcc/arm-none-eabi/9.3.1/thumb/v7e-m+fp/hard\libgcc.a

.debug_info     0x0000000000000000    0x1858b
 .debug_info    0x0000000000000000     0x1f10 ./Core/Src/main.o
 .debug_info    0x0000000000001f10     0x10af ./Core/Src/stm32f4xx_hal_msp.o
 .debug_info    0x0000000000002fbf      0x6db ./Core/Src/stm32f4xx_it.o
 .debug_info    0x000000000000369a      0x5a4 ./Core/Src/system_stm32f4xx.o
 .debug_info    0x0000000000003c3e       0x22 ./Core/Startup/startup_stm32f407vgtx.o
 .debug_info    0x0000000000003c60      0x9b2 ./Drivers/STM32F4xx_HAL_Driver/Src/stm32f4xx_hal.o
 .debug_info    0x0000000000004612      0xed7 ./Drivers/STM32F4xx_HAL_Driver/Src/stm32f4xx_hal_cortex.o
 .debug_info    0x00000000000054e9      0x83e ./Drivers/STM32F4xx_HAL_Driver/Src/stm32f4xx_hal_gpio.o
 .debug_info    0x0000000000005d27     0x264d ./Drivers/STM32F4xx_HAL_Driver/Src/stm32f4xx_hal_i2c.o
 .debug_info    0x0000000000008374      0xf30 ./Drivers/STM32F4xx_HAL_Driver/Src/stm32f4xx_hal_i2s.o
 .debug_info    0x00000000000092a4      0xc22 ./Drivers/STM32F4xx_HAL_Driver/Src/stm32f4xx_hal_i2s_ex.o
 .debug_info    0x0000000000009ec6     0x12dd ./Drivers/STM32F4xx_HAL_Driver/Src/stm32f4xx_hal_pcd.o
 .debug_info    0x000000000000b1a3      0x7c3 ./Drivers/STM32F4xx_HAL_Driver/Src/stm32f4xx_hal_pcd_ex.o
 .debug_info    0x000000000000b966      0x996 ./Drivers/STM32F4xx_HAL_Driver/Src/stm32f4xx_hal_rcc.o
 .debug_info    0x000000000000c2fc      0x603 ./Drivers/STM32F4xx_HAL_Driver/Src/stm32f4xx_hal_rcc_ex.o
 .debug_info    0x000000000000c8ff     0x17c0 ./Drivers/STM32F4xx_HAL_Driver/Src/stm32f4xx_hal_spi.o
 .debug_info    0x000000000000e0bf     0x1ab4 ./Drivers/STM32F4xx_HAL_Driver/Src/stm32f4xx_ll_usb.o
 .debug_info    0x000000000000fb73     0x12c6 ./Middlewares/ST/STM32_USB_Device_Library/Class/HID/Src/usbd_hid.o
 .debug_info    0x0000000000010e39     0x13a7 ./Middlewares/ST/STM32_USB_Device_Library/Core/Src/usbd_core.o
 .debug_info    0x00000000000121e0     0x1373 ./Middlewares/ST/STM32_USB_Device_Library/Core/Src/usbd_ctlreq.o
 .debug_info    0x0000000000013553     0x1095 ./Middlewares/ST/STM32_USB_Device_Library/Core/Src/usbd_ioreq.o
 .debug_info    0x00000000000145e8      0xf16 ./USB_DEVICE/App/usb_device.o
 .debug_info    0x00000000000154fe      0xdfa ./USB_DEVICE/App/usbd_desc.o
 .debug_info    0x00000000000162f8     0x2293 ./USB_DEVICE/Target/usbd_conf.o

.debug_abbrev   0x0000000000000000     0x3643
 .debug_abbrev  0x0000000000000000      0x2ff ./Core/Src/main.o
 .debug_abbrev  0x00000000000002ff      0x1d9 ./Core/Src/stm32f4xx_hal_msp.o
 .debug_abbrev  0x00000000000004d8      0x184 ./Core/Src/stm32f4xx_it.o
 .debug_abbrev  0x000000000000065c      0x145 ./Core/Src/system_stm32f4xx.o
 .debug_abbrev  0x00000000000007a1       0x12 ./Core/Startup/startup_stm32f407vgtx.o
 .debug_abbrev  0x00000000000007b3      0x1ed ./Drivers/STM32F4xx_HAL_Driver/Src/stm32f4xx_hal.o
 .debug_abbrev  0x00000000000009a0      0x33c ./Drivers/STM32F4xx_HAL_Driver/Src/stm32f4xx_hal_cortex.o
 .debug_abbrev  0x0000000000000cdc      0x1f1 ./Drivers/STM32F4xx_HAL_Driver/Src/stm32f4xx_hal_gpio.o
 .debug_abbrev  0x0000000000000ecd      0x282 ./Drivers/STM32F4xx_HAL_Driver/Src/stm32f4xx_hal_i2c.o
 .debug_abbrev  0x000000000000114f      0x245 ./Drivers/STM32F4xx_HAL_Driver/Src/stm32f4xx_hal_i2s.o
 .debug_abbrev  0x0000000000001394      0x276 ./Drivers/STM32F4xx_HAL_Driver/Src/stm32f4xx_hal_i2s_ex.o
 .debug_abbrev  0x000000000000160a      0x2a0 ./Drivers/STM32F4xx_HAL_Driver/Src/stm32f4xx_hal_pcd.o
 .debug_abbrev  0x00000000000018aa      0x1fb ./Drivers/STM32F4xx_HAL_Driver/Src/stm32f4xx_hal_pcd_ex.o
 .debug_abbrev  0x0000000000001aa5      0x275 ./Drivers/STM32F4xx_HAL_Driver/Src/stm32f4xx_hal_rcc.o
 .debug_abbrev  0x0000000000001d1a      0x18f ./Drivers/STM32F4xx_HAL_Driver/Src/stm32f4xx_hal_rcc_ex.o
 .debug_abbrev  0x0000000000001ea9      0x26e ./Drivers/STM32F4xx_HAL_Driver/Src/stm32f4xx_hal_spi.o
 .debug_abbrev  0x0000000000002117      0x2a7 ./Drivers/STM32F4xx_HAL_Driver/Src/stm32f4xx_ll_usb.o
 .debug_abbrev  0x00000000000023be      0x2d7 ./Middlewares/ST/STM32_USB_Device_Library/Class/HID/Src/usbd_hid.o
 .debug_abbrev  0x0000000000002695      0x2b7 ./Middlewares/ST/STM32_USB_Device_Library/Core/Src/usbd_core.o
 .debug_abbrev  0x000000000000294c      0x2fc ./Middlewares/ST/STM32_USB_Device_Library/Core/Src/usbd_ctlreq.o
 .debug_abbrev  0x0000000000002c48      0x22a ./Middlewares/ST/STM32_USB_Device_Library/Core/Src/usbd_ioreq.o
 .debug_abbrev  0x0000000000002e72      0x1fb ./USB_DEVICE/App/usb_device.o
 .debug_abbrev  0x000000000000306d      0x2aa ./USB_DEVICE/App/usbd_desc.o
 .debug_abbrev  0x0000000000003317      0x32c ./USB_DEVICE/Target/usbd_conf.o

.debug_aranges  0x0000000000000000     0x1128
 .debug_aranges
                0x0000000000000000       0x58 ./Core/Src/main.o
 .debug_aranges
                0x0000000000000058       0x50 ./Core/Src/stm32f4xx_hal_msp.o
 .debug_aranges
                0x00000000000000a8       0x68 ./Core/Src/stm32f4xx_it.o
 .debug_aranges
                0x0000000000000110       0x28 ./Core/Src/system_stm32f4xx.o
 .debug_aranges
                0x0000000000000138       0x28 ./Core/Startup/startup_stm32f407vgtx.o
 .debug_aranges
                0x0000000000000160       0xf0 ./Drivers/STM32F4xx_HAL_Driver/Src/stm32f4xx_hal.o
 .debug_aranges
                0x0000000000000250      0x118 ./Drivers/STM32F4xx_HAL_Driver/Src/stm32f4xx_hal_cortex.o
 .debug_aranges
                0x0000000000000368       0x58 ./Drivers/STM32F4xx_HAL_Driver/Src/stm32f4xx_hal_gpio.o
 .debug_aranges
                0x00000000000003c0      0x2a0 ./Drivers/STM32F4xx_HAL_Driver/Src/stm32f4xx_hal_i2c.o
 .debug_aranges
                0x0000000000000660      0x108 ./Drivers/STM32F4xx_HAL_Driver/Src/stm32f4xx_hal_i2s.o
 .debug_aranges
                0x0000000000000768       0x88 ./Drivers/STM32F4xx_HAL_Driver/Src/stm32f4xx_hal_i2s_ex.o
 .debug_aranges
                0x00000000000007f0      0x138 ./Drivers/STM32F4xx_HAL_Driver/Src/stm32f4xx_hal_pcd.o
 .debug_aranges
                0x0000000000000928       0x38 ./Drivers/STM32F4xx_HAL_Driver/Src/stm32f4xx_hal_pcd_ex.o
 .debug_aranges
                0x0000000000000960       0x88 ./Drivers/STM32F4xx_HAL_Driver/Src/stm32f4xx_hal_rcc.o
 .debug_aranges
                0x00000000000009e8       0x48 ./Drivers/STM32F4xx_HAL_Driver/Src/stm32f4xx_hal_rcc_ex.o
 .debug_aranges
                0x0000000000000a30      0x1d0 ./Drivers/STM32F4xx_HAL_Driver/Src/stm32f4xx_hal_spi.o
 .debug_aranges
                0x0000000000000c00      0x198 ./Drivers/STM32F4xx_HAL_Driver/Src/stm32f4xx_ll_usb.o
 .debug_aranges
                0x0000000000000d98       0x68 ./Middlewares/ST/STM32_USB_Device_Library/Class/HID/Src/usbd_hid.o
 .debug_aranges
                0x0000000000000e00       0xb8 ./Middlewares/ST/STM32_USB_Device_Library/Core/Src/usbd_core.o
 .debug_aranges
                0x0000000000000eb8       0x90 ./Middlewares/ST/STM32_USB_Device_Library/Core/Src/usbd_ctlreq.o
 .debug_aranges
                0x0000000000000f48       0x50 ./Middlewares/ST/STM32_USB_Device_Library/Core/Src/usbd_ioreq.o
 .debug_aranges
                0x0000000000000f98       0x20 ./USB_DEVICE/App/usb_device.o
 .debug_aranges
                0x0000000000000fb8       0x60 ./USB_DEVICE/App/usbd_desc.o
 .debug_aranges
                0x0000000000001018      0x110 ./USB_DEVICE/Target/usbd_conf.o

.debug_ranges   0x0000000000000000      0xfd8
 .debug_ranges  0x0000000000000000       0x48 ./Core/Src/main.o
 .debug_ranges  0x0000000000000048       0x40 ./Core/Src/stm32f4xx_hal_msp.o
 .debug_ranges  0x0000000000000088       0x58 ./Core/Src/stm32f4xx_it.o
 .debug_ranges  0x00000000000000e0       0x18 ./Core/Src/system_stm32f4xx.o
 .debug_ranges  0x00000000000000f8       0x20 ./Core/Startup/startup_stm32f407vgtx.o
 .debug_ranges  0x0000000000000118       0xe0 ./Drivers/STM32F4xx_HAL_Driver/Src/stm32f4xx_hal.o
 .debug_ranges  0x00000000000001f8      0x108 ./Drivers/STM32F4xx_HAL_Driver/Src/stm32f4xx_hal_cortex.o
 .debug_ranges  0x0000000000000300       0x48 ./Drivers/STM32F4xx_HAL_Driver/Src/stm32f4xx_hal_gpio.o
 .debug_ranges  0x0000000000000348      0x2b8 ./Drivers/STM32F4xx_HAL_Driver/Src/stm32f4xx_hal_i2c.o
 .debug_ranges  0x0000000000000600       0xf8 ./Drivers/STM32F4xx_HAL_Driver/Src/stm32f4xx_hal_i2s.o
 .debug_ranges  0x00000000000006f8       0x78 ./Drivers/STM32F4xx_HAL_Driver/Src/stm32f4xx_hal_i2s_ex.o
 .debug_ranges  0x0000000000000770      0x128 ./Drivers/STM32F4xx_HAL_Driver/Src/stm32f4xx_hal_pcd.o
 .debug_ranges  0x0000000000000898       0x28 ./Drivers/STM32F4xx_HAL_Driver/Src/stm32f4xx_hal_pcd_ex.o
 .debug_ranges  0x00000000000008c0       0x78 ./Drivers/STM32F4xx_HAL_Driver/Src/stm32f4xx_hal_rcc.o
 .debug_ranges  0x0000000000000938       0x38 ./Drivers/STM32F4xx_HAL_Driver/Src/stm32f4xx_hal_rcc_ex.o
 .debug_ranges  0x0000000000000970      0x1c0 ./Drivers/STM32F4xx_HAL_Driver/Src/stm32f4xx_hal_spi.o
 .debug_ranges  0x0000000000000b30      0x188 ./Drivers/STM32F4xx_HAL_Driver/Src/stm32f4xx_ll_usb.o
 .debug_ranges  0x0000000000000cb8       0x58 ./Middlewares/ST/STM32_USB_Device_Library/Class/HID/Src/usbd_hid.o
 .debug_ranges  0x0000000000000d10       0xa8 ./Middlewares/ST/STM32_USB_Device_Library/Core/Src/usbd_core.o
 .debug_ranges  0x0000000000000db8       0x80 ./Middlewares/ST/STM32_USB_Device_Library/Core/Src/usbd_ctlreq.o
 .debug_ranges  0x0000000000000e38       0x40 ./Middlewares/ST/STM32_USB_Device_Library/Core/Src/usbd_ioreq.o
 .debug_ranges  0x0000000000000e78       0x10 ./USB_DEVICE/App/usb_device.o
 .debug_ranges  0x0000000000000e88       0x50 ./USB_DEVICE/App/usbd_desc.o
 .debug_ranges  0x0000000000000ed8      0x100 ./USB_DEVICE/Target/usbd_conf.o

.debug_macro    0x0000000000000000    0x241b9
 .debug_macro   0x0000000000000000      0x446 ./Core/Src/main.o
 .debug_macro   0x0000000000000446      0xaa8 ./Core/Src/main.o
 .debug_macro   0x0000000000000eee      0x2a7 ./Core/Src/main.o
 .debug_macro   0x0000000000001195       0x2e ./Core/Src/main.o
 .debug_macro   0x00000000000011c3       0x2f ./Core/Src/main.o
 .debug_macro   0x00000000000011f2       0x22 ./Core/Src/main.o
 .debug_macro   0x0000000000001214       0x8e ./Core/Src/main.o
 .debug_macro   0x00000000000012a2       0x51 ./Core/Src/main.o
 .debug_macro   0x00000000000012f3      0x103 ./Core/Src/main.o
 .debug_macro   0x00000000000013f6       0x6a ./Core/Src/main.o
 .debug_macro   0x0000000000001460      0x1df ./Core/Src/main.o
 .debug_macro   0x000000000000163f       0x1c ./Core/Src/main.o
 .debug_macro   0x000000000000165b       0x22 ./Core/Src/main.o
 .debug_macro   0x000000000000167d       0xdf ./Core/Src/main.o
 .debug_macro   0x000000000000175c     0x102d ./Core/Src/main.o
 .debug_macro   0x0000000000002789      0x11f ./Core/Src/main.o
 .debug_macro   0x00000000000028a8    0x15e58 ./Core/Src/main.o
 .debug_macro   0x0000000000018700       0x6d ./Core/Src/main.o
 .debug_macro   0x000000000001876d     0x3666 ./Core/Src/main.o
 .debug_macro   0x000000000001bdd3      0x174 ./Core/Src/main.o
 .debug_macro   0x000000000001bf47       0x5c ./Core/Src/main.o
 .debug_macro   0x000000000001bfa3      0x96b ./Core/Src/main.o
 .debug_macro   0x000000000001c90e      0x9fe ./Core/Src/main.o
 .debug_macro   0x000000000001d30c      0x116 ./Core/Src/main.o
 .debug_macro   0x000000000001d422      0x13e ./Core/Src/main.o
 .debug_macro   0x000000000001d560       0xa5 ./Core/Src/main.o
 .debug_macro   0x000000000001d605      0x174 ./Core/Src/main.o
 .debug_macro   0x000000000001d779      0x287 ./Core/Src/main.o
 .debug_macro   0x000000000001da00       0x5f ./Core/Src/main.o
 .debug_macro   0x000000000001da5f      0x236 ./Core/Src/main.o
 .debug_macro   0x000000000001dc95      0x12c ./Core/Src/main.o
 .debug_macro   0x000000000001ddc1      0x21e ./Core/Src/main.o
 .debug_macro   0x000000000001dfdf       0x2e ./Core/Src/main.o
 .debug_macro   0x000000000001e00d      0x1b5 ./Core/Src/main.o
 .debug_macro   0x000000000001e1c2       0xd6 ./Core/Src/main.o
 .debug_macro   0x000000000001e298      0x1a7 ./Core/Src/main.o
 .debug_macro   0x000000000001e43f       0x46 ./Core/Src/main.o
 .debug_macro   0x000000000001e485       0x4a ./Core/Src/main.o
 .debug_macro   0x000000000001e4cf      0x11a ./Core/Src/main.o
 .debug_macro   0x000000000001e5e9       0x7e ./Core/Src/main.o
 .debug_macro   0x000000000001e667       0x89 ./Core/Src/main.o
 .debug_macro   0x000000000001e6f0      0x225 ./Core/Src/main.o
 .debug_macro   0x000000000001e915      0x21e ./Core/Src/main.o
 .debug_macro   0x000000000001eb33       0xba ./Core/Src/main.o
 .debug_macro   0x000000000001ebed      0x12d ./Core/Src/main.o
 .debug_macro   0x000000000001ed1a      0x21a ./Core/Src/main.o
 .debug_macro   0x000000000001ef34       0x52 ./Core/Src/main.o
 .debug_macro   0x000000000001ef86       0x18 ./Core/Src/main.o
 .debug_macro   0x000000000001ef9e       0x3c ./Core/Src/main.o
 .debug_macro   0x000000000001efda       0x34 ./Core/Src/main.o
 .debug_macro   0x000000000001f00e       0x16 ./Core/Src/main.o
 .debug_macro   0x000000000001f024       0x35 ./Core/Src/main.o
 .debug_macro   0x000000000001f059      0x333 ./Core/Src/main.o
 .debug_macro   0x000000000001f38c       0x10 ./Core/Src/main.o
 .debug_macro   0x000000000001f39c       0x16 ./Core/Src/main.o
 .debug_macro   0x000000000001f3b2       0x43 ./Core/Src/main.o
 .debug_macro   0x000000000001f3f5       0x34 ./Core/Src/main.o
 .debug_macro   0x000000000001f429       0x10 ./Core/Src/main.o
 .debug_macro   0x000000000001f439       0x58 ./Core/Src/main.o
 .debug_macro   0x000000000001f491       0x71 ./Core/Src/main.o
 .debug_macro   0x000000000001f502       0x1c ./Core/Src/main.o
 .debug_macro   0x000000000001f51e      0x12a ./Core/Src/main.o
 .debug_macro   0x000000000001f648       0x10 ./Core/Src/main.o
 .debug_macro   0x000000000001f658       0x1c ./Core/Src/main.o
 .debug_macro   0x000000000001f674       0x52 ./Core/Src/main.o
 .debug_macro   0x000000000001f6c6       0x22 ./Core/Src/main.o
 .debug_macro   0x000000000001f6e8       0x10 ./Core/Src/main.o
 .debug_macro   0x000000000001f6f8       0x40 ./Core/Src/main.o
 .debug_macro   0x000000000001f738       0xd5 ./Core/Src/main.o
 .debug_macro   0x000000000001f80d       0x1c ./Core/Src/main.o
 .debug_macro   0x000000000001f829       0x3d ./Core/Src/main.o
 .debug_macro   0x000000000001f866       0x16 ./Core/Src/main.o
 .debug_macro   0x000000000001f87c      0x145 ./Core/Src/main.o
 .debug_macro   0x000000000001f9c1       0x16 ./Core/Src/main.o
 .debug_macro   0x000000000001f9d7       0x16 ./Core/Src/main.o
 .debug_macro   0x000000000001f9ed       0x29 ./Core/Src/main.o
 .debug_macro   0x000000000001fa16       0x16 ./Core/Src/main.o
 .debug_macro   0x000000000001fa2c       0x20 ./Core/Src/main.o
 .debug_macro   0x000000000001fa4c       0x6b ./Core/Src/main.o
 .debug_macro   0x000000000001fab7      0x1ef ./Core/Src/main.o
 .debug_macro   0x000000000001fca6       0x5e ./Core/Src/main.o
 .debug_macro   0x000000000001fd04      0x220 ./Core/Src/stm32f4xx_hal_msp.o
 .debug_macro   0x000000000001ff24      0x22a ./Core/Src/stm32f4xx_it.o
 .debug_macro   0x000000000002014e      0x211 ./Core/Src/system_stm32f4xx.o
 .debug_macro   0x000000000002035f      0x271 ./Drivers/STM32F4xx_HAL_Driver/Src/stm32f4xx_hal.o
 .debug_macro   0x00000000000205d0      0x211 ./Drivers/STM32F4xx_HAL_Driver/Src/stm32f4xx_hal_cortex.o
 .debug_macro   0x00000000000207e1      0x217 ./Drivers/STM32F4xx_HAL_Driver/Src/stm32f4xx_hal_gpio.o
 .debug_macro   0x00000000000209f8      0x258 ./Drivers/STM32F4xx_HAL_Driver/Src/stm32f4xx_hal_i2c.o
 .debug_macro   0x0000000000020c50      0x219 ./Drivers/STM32F4xx_HAL_Driver/Src/stm32f4xx_hal_i2s.o
 .debug_macro   0x0000000000020e69      0x211 ./Drivers/STM32F4xx_HAL_Driver/Src/stm32f4xx_hal_i2s_ex.o
 .debug_macro   0x000000000002107a      0x21d ./Drivers/STM32F4xx_HAL_Driver/Src/stm32f4xx_hal_pcd.o
 .debug_macro   0x0000000000021297      0x211 ./Drivers/STM32F4xx_HAL_Driver/Src/stm32f4xx_hal_pcd_ex.o
 .debug_macro   0x00000000000214a8      0x235 ./Drivers/STM32F4xx_HAL_Driver/Src/stm32f4xx_hal_rcc.o
 .debug_macro   0x00000000000216dd      0x211 ./Drivers/STM32F4xx_HAL_Driver/Src/stm32f4xx_hal_rcc_ex.o
 .debug_macro   0x00000000000218ee      0x220 ./Drivers/STM32F4xx_HAL_Driver/Src/stm32f4xx_hal_spi.o
 .debug_macro   0x0000000000021b0e      0x211 ./Drivers/STM32F4xx_HAL_Driver/Src/stm32f4xx_ll_usb.o
 .debug_macro   0x0000000000021d1f      0x436 ./Middlewares/ST/STM32_USB_Device_Library/Class/HID/Src/usbd_hid.o
 .debug_macro   0x0000000000022155       0x97 ./Middlewares/ST/STM32_USB_Device_Library/Class/HID/Src/usbd_hid.o
 .debug_macro   0x00000000000221ec       0xfd ./Middlewares/ST/STM32_USB_Device_Library/Class/HID/Src/usbd_hid.o
 .debug_macro   0x00000000000222e9       0xd9 ./Middlewares/ST/STM32_USB_Device_Library/Class/HID/Src/usbd_hid.o
 .debug_macro   0x00000000000223c2       0x56 ./Middlewares/ST/STM32_USB_Device_Library/Class/HID/Src/usbd_hid.o
 .debug_macro   0x0000000000022418      0x41d ./Middlewares/ST/STM32_USB_Device_Library/Core/Src/usbd_core.o
 .debug_macro   0x0000000000022835      0x1f5 ./Middlewares/ST/STM32_USB_Device_Library/Core/Src/usbd_core.o
 .debug_macro   0x0000000000022a2a      0x427 ./Middlewares/ST/STM32_USB_Device_Library/Core/Src/usbd_ctlreq.o
 .debug_macro   0x0000000000022e51      0x423 ./Middlewares/ST/STM32_USB_Device_Library/Core/Src/usbd_ioreq.o
 .debug_macro   0x0000000000023274      0x44d ./USB_DEVICE/App/usb_device.o
 .debug_macro   0x00000000000236c1      0x220 ./USB_DEVICE/App/usb_device.o
 .debug_macro   0x00000000000238e1       0x22 ./USB_DEVICE/App/usb_device.o
 .debug_macro   0x0000000000023903      0x460 ./USB_DEVICE/App/usbd_desc.o
 .debug_macro   0x0000000000023d63       0x1c ./USB_DEVICE/App/usbd_desc.o
 .debug_macro   0x0000000000023d7f      0x43a ./USB_DEVICE/Target/usbd_conf.o

.debug_line     0x0000000000000000    0x16fef
 .debug_line    0x0000000000000000      0xcfa ./Core/Src/main.o
 .debug_line    0x0000000000000cfa      0x84d ./Core/Src/stm32f4xx_hal_msp.o
 .debug_line    0x0000000000001547      0x818 ./Core/Src/stm32f4xx_it.o
 .debug_line    0x0000000000001d5f      0x7bf ./Core/Src/system_stm32f4xx.o
 .debug_line    0x000000000000251e       0x88 ./Core/Startup/startup_stm32f407vgtx.o
 .debug_line    0x00000000000025a6      0xa25 ./Drivers/STM32F4xx_HAL_Driver/Src/stm32f4xx_hal.o
 .debug_line    0x0000000000002fcb      0xcd4 ./Drivers/STM32F4xx_HAL_Driver/Src/stm32f4xx_hal_cortex.o
 .debug_line    0x0000000000003c9f      0xb9b ./Drivers/STM32F4xx_HAL_Driver/Src/stm32f4xx_hal_gpio.o
 .debug_line    0x000000000000483a     0x39d1 ./Drivers/STM32F4xx_HAL_Driver/Src/stm32f4xx_hal_i2c.o
 .debug_line    0x000000000000820b     0x13be ./Drivers/STM32F4xx_HAL_Driver/Src/stm32f4xx_hal_i2s.o
 .debug_line    0x00000000000095c9     0x14bd ./Drivers/STM32F4xx_HAL_Driver/Src/stm32f4xx_hal_i2s_ex.o
 .debug_line    0x000000000000aa86     0x1372 ./Drivers/STM32F4xx_HAL_Driver/Src/stm32f4xx_hal_pcd.o
 .debug_line    0x000000000000bdf8      0x808 ./Drivers/STM32F4xx_HAL_Driver/Src/stm32f4xx_hal_pcd_ex.o
 .debug_line    0x000000000000c600      0xda1 ./Drivers/STM32F4xx_HAL_Driver/Src/stm32f4xx_hal_rcc.o
 .debug_line    0x000000000000d3a1      0xa3b ./Drivers/STM32F4xx_HAL_Driver/Src/stm32f4xx_hal_rcc_ex.o
 .debug_line    0x000000000000dddc     0x1cad ./Drivers/STM32F4xx_HAL_Driver/Src/stm32f4xx_hal_spi.o
 .debug_line    0x000000000000fa89     0x19b4 ./Drivers/STM32F4xx_HAL_Driver/Src/stm32f4xx_ll_usb.o
 .debug_line    0x000000000001143d      0xca0 ./Middlewares/ST/STM32_USB_Device_Library/Class/HID/Src/usbd_hid.o
 .debug_line    0x00000000000120dd      0xe8e ./Middlewares/ST/STM32_USB_Device_Library/Core/Src/usbd_core.o
 .debug_line    0x0000000000012f6b     0x110e ./Middlewares/ST/STM32_USB_Device_Library/Core/Src/usbd_ctlreq.o
 .debug_line    0x0000000000014079      0xae5 ./Middlewares/ST/STM32_USB_Device_Library/Core/Src/usbd_ioreq.o
 .debug_line    0x0000000000014b5e      0xa86 ./USB_DEVICE/App/usb_device.o
 .debug_line    0x00000000000155e4      0xb6a ./USB_DEVICE/App/usbd_desc.o
 .debug_line    0x000000000001614e      0xea1 ./USB_DEVICE/Target/usbd_conf.o

.debug_str      0x0000000000000000    0xca5b3
 .debug_str     0x0000000000000000    0xc60f4 ./Core/Src/main.o
                                      0xc6552 (size before relaxing)
 .debug_str     0x00000000000c60f4      0x11b ./Core/Src/stm32f4xx_hal_msp.o
                                      0xc12d3 (size before relaxing)
 .debug_str     0x00000000000c620f      0x3ec ./Core/Src/stm32f4xx_it.o
                                      0xc0c99 (size before relaxing)
 .debug_str     0x00000000000c65fb       0xaf ./Core/Src/system_stm32f4xx.o
                                      0xc018f (size before relaxing)
 .debug_str     0x00000000000c66aa       0x36 ./Core/Startup/startup_stm32f407vgtx.o
                                         0x4f (size before relaxing)
 .debug_str     0x00000000000c66e0      0xa4a ./Drivers/STM32F4xx_HAL_Driver/Src/stm32f4xx_hal.o
                                      0xc0c71 (size before relaxing)
 .debug_str     0x00000000000c712a      0x399 ./Drivers/STM32F4xx_HAL_Driver/Src/stm32f4xx_hal_cortex.o
                                      0xc0a60 (size before relaxing)
 .debug_str     0x00000000000c74c3      0x15f ./Drivers/STM32F4xx_HAL_Driver/Src/stm32f4xx_hal_gpio.o
                                      0xc0336 (size before relaxing)
 .debug_str     0x00000000000c7622      0xaa6 ./Drivers/STM32F4xx_HAL_Driver/Src/stm32f4xx_hal_i2c.o
                                      0xc1111 (size before relaxing)
 .debug_str     0x00000000000c80c8      0x27c ./Drivers/STM32F4xx_HAL_Driver/Src/stm32f4xx_hal_i2s.o
                                      0xc0758 (size before relaxing)
 .debug_str     0x00000000000c8344      0x1f1 ./Drivers/STM32F4xx_HAL_Driver/Src/stm32f4xx_hal_i2s_ex.o
                                      0xc0696 (size before relaxing)
 .debug_str     0x00000000000c8535      0x564 ./Drivers/STM32F4xx_HAL_Driver/Src/stm32f4xx_hal_pcd.o
                                      0xc0979 (size before relaxing)
 .debug_str     0x00000000000c8a99      0x13f ./Drivers/STM32F4xx_HAL_Driver/Src/stm32f4xx_hal_pcd_ex.o
                                      0xc0544 (size before relaxing)
 .debug_str     0x00000000000c8bd8      0x24e ./Drivers/STM32F4xx_HAL_Driver/Src/stm32f4xx_hal_rcc.o
                                      0xc0591 (size before relaxing)
 .debug_str     0x00000000000c8e26      0x113 ./Drivers/STM32F4xx_HAL_Driver/Src/stm32f4xx_hal_rcc_ex.o
                                      0xc02d9 (size before relaxing)
 .debug_str     0x00000000000c8f39      0x53a ./Drivers/STM32F4xx_HAL_Driver/Src/stm32f4xx_hal_spi.o
                                      0xc0a33 (size before relaxing)
 .debug_str     0x00000000000c9473      0x697 ./Drivers/STM32F4xx_HAL_Driver/Src/stm32f4xx_ll_usb.o
                                      0xc0ab0 (size before relaxing)
 .debug_str     0x00000000000c9b0a      0x27a ./Middlewares/ST/STM32_USB_Device_Library/Class/HID/Src/usbd_hid.o
                                      0xc5c37 (size before relaxing)
 .debug_str     0x00000000000c9d84      0x1a2 ./Middlewares/ST/STM32_USB_Device_Library/Core/Src/usbd_core.o
                                      0xc5a3f (size before relaxing)
 .debug_str     0x00000000000c9f26      0x14d ./Middlewares/ST/STM32_USB_Device_Library/Core/Src/usbd_ctlreq.o
                                      0xc59fd (size before relaxing)
 .debug_str     0x00000000000ca073       0xc9 ./Middlewares/ST/STM32_USB_Device_Library/Core/Src/usbd_ioreq.o
                                      0xc594d (size before relaxing)
 .debug_str     0x00000000000ca13c       0xb5 ./USB_DEVICE/App/usb_device.o
                                      0xc5aba (size before relaxing)
 .debug_str     0x00000000000ca1f1      0x26e ./USB_DEVICE/App/usbd_desc.o
                                      0xc589f (size before relaxing)
 .debug_str     0x00000000000ca45f      0x154 ./USB_DEVICE/Target/usbd_conf.o
                                      0xc6760 (size before relaxing)

.comment        0x0000000000000000       0x53
 .comment       0x0000000000000000       0x53 ./Core/Src/main.o
                                         0x54 (size before relaxing)
 .comment       0x0000000000000053       0x54 ./Core/Src/stm32f4xx_hal_msp.o
 .comment       0x0000000000000053       0x54 ./Core/Src/stm32f4xx_it.o
 .comment       0x0000000000000053       0x54 ./Core/Src/system_stm32f4xx.o
 .comment       0x0000000000000053       0x54 ./Drivers/STM32F4xx_HAL_Driver/Src/stm32f4xx_hal.o
 .comment       0x0000000000000053       0x54 ./Drivers/STM32F4xx_HAL_Driver/Src/stm32f4xx_hal_cortex.o
 .comment       0x0000000000000053       0x54 ./Drivers/STM32F4xx_HAL_Driver/Src/stm32f4xx_hal_gpio.o
 .comment       0x0000000000000053       0x54 ./Drivers/STM32F4xx_HAL_Driver/Src/stm32f4xx_hal_i2c.o
 .comment       0x0000000000000053       0x54 ./Drivers/STM32F4xx_HAL_Driver/Src/stm32f4xx_hal_i2s.o
 .comment       0x0000000000000053       0x54 ./Drivers/STM32F4xx_HAL_Driver/Src/stm32f4xx_hal_i2s_ex.o
 .comment       0x0000000000000053       0x54 ./Drivers/STM32F4xx_HAL_Driver/Src/stm32f4xx_hal_pcd.o
 .comment       0x0000000000000053       0x54 ./Drivers/STM32F4xx_HAL_Driver/Src/stm32f4xx_hal_pcd_ex.o
 .comment       0x0000000000000053       0x54 ./Drivers/STM32F4xx_HAL_Driver/Src/stm32f4xx_hal_rcc.o
 .comment       0x0000000000000053       0x54 ./Drivers/STM32F4xx_HAL_Driver/Src/stm32f4xx_hal_rcc_ex.o
 .comment       0x0000000000000053       0x54 ./Drivers/STM32F4xx_HAL_Driver/Src/stm32f4xx_hal_spi.o
 .comment       0x0000000000000053       0x54 ./Drivers/STM32F4xx_HAL_Driver/Src/stm32f4xx_ll_usb.o
 .comment       0x0000000000000053       0x54 ./Middlewares/ST/STM32_USB_Device_Library/Class/HID/Src/usbd_hid.o
 .comment       0x0000000000000053       0x54 ./Middlewares/ST/STM32_USB_Device_Library/Core/Src/usbd_core.o
 .comment       0x0000000000000053       0x54 ./Middlewares/ST/STM32_USB_Device_Library/Core/Src/usbd_ctlreq.o
 .comment       0x0000000000000053       0x54 ./Middlewares/ST/STM32_USB_Device_Library/Core/Src/usbd_ioreq.o
 .comment       0x0000000000000053       0x54 ./USB_DEVICE/App/usb_device.o
 .comment       0x0000000000000053       0x54 ./USB_DEVICE/App/usbd_desc.o
 .comment       0x0000000000000053       0x54 ./USB_DEVICE/Target/usbd_conf.o

.debug_frame    0x0000000000000000     0x4728
 .debug_frame   0x0000000000000000      0x10c ./Core/Src/main.o
 .debug_frame   0x000000000000010c      0x10c ./Core/Src/stm32f4xx_hal_msp.o
 .debug_frame   0x0000000000000218      0x120 ./Core/Src/stm32f4xx_it.o
 .debug_frame   0x0000000000000338       0x58 ./Core/Src/system_stm32f4xx.o
 .debug_frame   0x0000000000000390      0x374 ./Drivers/STM32F4xx_HAL_Driver/Src/stm32f4xx_hal.o
 .debug_frame   0x0000000000000704      0x498 ./Drivers/STM32F4xx_HAL_Driver/Src/stm32f4xx_hal_cortex.o
 .debug_frame   0x0000000000000b9c      0x14c ./Drivers/STM32F4xx_HAL_Driver/Src/stm32f4xx_hal_gpio.o
 .debug_frame   0x0000000000000ce8      0xc5c ./Drivers/STM32F4xx_HAL_Driver/Src/stm32f4xx_hal_i2c.o
 .debug_frame   0x0000000000001944      0x484 ./Drivers/STM32F4xx_HAL_Driver/Src/stm32f4xx_hal_i2s.o
 .debug_frame   0x0000000000001dc8      0x220 ./Drivers/STM32F4xx_HAL_Driver/Src/stm32f4xx_hal_i2s_ex.o
 .debug_frame   0x0000000000001fe8      0x574 ./Drivers/STM32F4xx_HAL_Driver/Src/stm32f4xx_hal_pcd.o
 .debug_frame   0x000000000000255c       0xb0 ./Drivers/STM32F4xx_HAL_Driver/Src/stm32f4xx_hal_pcd_ex.o
 .debug_frame   0x000000000000260c      0x1f0 ./Drivers/STM32F4xx_HAL_Driver/Src/stm32f4xx_hal_rcc.o
 .debug_frame   0x00000000000027fc       0xf0 ./Drivers/STM32F4xx_HAL_Driver/Src/stm32f4xx_hal_rcc_ex.o
 .debug_frame   0x00000000000028ec      0x824 ./Drivers/STM32F4xx_HAL_Driver/Src/stm32f4xx_hal_spi.o